 pow

 Timestamp is 594e5eb4 (Sat Jun 24 18:14:36 2017)

 Preferred load address is 10000000

 Start         Length     Name                   Class
 0001:00000000 0000bc90H .text$mn                CODE
 0002:00000000 00000170H .idata$5                DATA
 0002:00000170 00000004H .00cfg                  DATA
 0002:00000174 00000004H .CRT$XCA                DATA
 0002:00000178 00000004H .CRT$XCU                DATA
 0002:0000017c 00000004H .CRT$XCZ                DATA
 0002:00000180 00000004H .CRT$XIA                DATA
 0002:00000184 0000000cH .CRT$XIC                DATA
 0002:00000190 00000004H .CRT$XIZ                DATA
 0002:00000194 00000004H .CRT$XPA                DATA
 0002:00000198 00000008H .CRT$XPX                DATA
 0002:000001a0 00000004H .CRT$XPXA               DATA
 0002:000001a4 00000004H .CRT$XPZ                DATA
 0002:000001a8 00000004H .CRT$XTA                DATA
 0002:000001ac 00000004H .CRT$XTZ                DATA
 0002:000001b0 00008360H .rdata                  DATA
 0002:00008504 00000000H .rdata$r                DATA
 0002:00008510 0000000cH .rdata$sxdata           DATA
 0002:0000851c 00000308H .rdata$zzzdbg           DATA
 0002:00008824 00000004H .rtc$IAA                DATA
 0002:00008828 00000004H .rtc$IZZ                DATA
 0002:0000882c 00000004H .rtc$TAA                DATA
 0002:00008830 00000008H .rtc$TZZ                DATA
 0002:00008838 00000398H .xdata$x                DATA
 0002:00008bd0 0000004cH .edata                  DATA
 0002:00008c1c 00000028H .idata$2                DATA
 0002:00008c44 00000014H .idata$3                DATA
 0002:00008c58 00000170H .idata$4                DATA
 0002:00008dc8 00000b62H .idata$6                DATA
 0003:00000000 00000790H .data                   DATA
 0003:00000790 00000000H .data$r                 DATA
 0003:00000790 00000a18H .bss                    DATA
 0004:00000000 0000008cH .gfids$x                DATA
 0004:0000008c 00000014H .gfids$y                DATA
 0005:00000000 00000060H .rsrc$01                DATA
 0005:00000060 00000180H .rsrc$02                DATA

  Address         Publics by Value              Rva+Base       Lib:Object

 0000:00000000       ___guard_fids_count        00000000     <absolute>
 0000:00000000       ___guard_longjmp_count     00000000     <absolute>
 0000:00000000       ___guard_longjmp_table     00000000     <absolute>
 0000:00000000       __except_list              00000000     <absolute>
 0000:00000000       ___guard_iat_table         00000000     <absolute>
 0000:00000000       ___guard_iat_count         00000000     <absolute>
 0000:00000000       ___guard_fids_table        00000000     <absolute>
 0000:00000000       ___dynamic_value_reloc_table 00000000     <absolute>
 0000:00000003       ___safe_se_handler_count   00000003     <absolute>
 0000:00000100       ___guard_flags             00000100     <absolute>
 0000:00000000       ___ImageBase               10000000     <linker-defined>
 0001:000000c0       ?New@?$Factory@VFunctionTemplate@v8@@@imp@Nan@@SA?AV?$Local@VFunctionTemplate@v8@@@v8@@P6AXABV?$FunctionCallbackInfo@VValue@v8@@@3@@ZV?$Local@VValue@v8@@@5@V?$Local@VSignature@v8@@@5@@Z 100010c0 f i pow.obj
 0001:000001f0       ?ThrowTypeError@Nan@@YAXPBD@Z 100011f0 f i pow.obj
 0001:00000270       ?Pow@@YAXABV?$FunctionCallbackInfo@VValue@v8@@@Nan@@@Z 10001270 f   pow.obj
 0001:00000380       ?Init@@YAXV?$Local@VObject@v8@@@v8@@@Z 10001380 f   pow.obj
 0001:000003fd       @__security_check_cookie@4 100013fd f   LIBCMT:_secchk_.obj
 0001:00000716       __DllMainCRTStartup@12     10001716 f   LIBCMT:dll_dllmain.obj
 0001:00000739       ___raise_securityfailure   10001739 f   LIBCMT:gs_report.obj
 0001:00000761       ___report_gsfailure        10001761 f   LIBCMT:gs_report.obj
 0001:0000085c       ??$__crt_fast_encode_pointer@PAX@@YAPAXQAX@Z 1000185c f i libvcruntime:winapi_downlevel.obj
 0001:0000085c       ??$__crt_fast_encode_pointer@PAP6AXXZ@@YAPAP6AXXZQAP6AXXZ@Z 1000185c f i LIBCMT:utility.obj
 0001:000008bd       ___scrt_acquire_startup_lock 100018bd f   LIBCMT:utility.obj
 0001:000008f2       ___scrt_dllmain_after_initialize_c 100018f2 f   LIBCMT:utility.obj
 0001:0000091d       ___scrt_dllmain_before_initialize_c 1000191d f   LIBCMT:utility.obj
 0001:0000092b       ___scrt_dllmain_crt_thread_attach 1000192b f   LIBCMT:utility.obj
 0001:0000094a       ___scrt_dllmain_crt_thread_detach 1000194a f   LIBCMT:utility.obj
 0001:00000957       ___scrt_dllmain_exception_filter 10001957 f   LIBCMT:utility.obj
 0001:0000098a       ___scrt_dllmain_uninitialize_c 1000198a f   LIBCMT:utility.obj
 0001:000009ad       ___scrt_dllmain_uninitialize_critical 100019ad f   LIBCMT:utility.obj
 0001:000009ba       ___scrt_initialize_crt     100019ba f   LIBCMT:utility.obj
 0001:000009f3       ___scrt_initialize_onexit_tables 100019f3 f   LIBCMT:utility.obj
 0001:00000a8a       ___scrt_is_nonwritable_in_current_image 10001a8a f   LIBCMT:utility.obj
 0001:00000b14       ___scrt_release_startup_lock 10001b14 f   LIBCMT:utility.obj
 0001:00000b31       ___scrt_uninitialize_crt   10001b31 f   LIBCMT:utility.obj
 0001:00000b59       __onexit                   10001b59 f   LIBCMT:utility.obj
 0001:00000b94       _atexit                    10001b94 f   LIBCMT:utility.obj
 0001:00000ba9       ___security_init_cookie    10001ba9 f   LIBCMT:gs_support.obj
 0001:00000c45       _DllMain@12                10001c45 f   LIBCMT:dll_dllmain_stub.obj
 0001:00000c4b       ?__scrt_initialize_type_info@@YAXXZ 10001c4b f   LIBCMT:tncleanup.obj
 0001:00000c57       ?__scrt_uninitialize_type_info@@YAXXZ 10001c57 f   LIBCMT:tncleanup.obj
 0001:00000c63       ___local_stdio_printf_options 10001c63 f i LIBCMT:default_local_stdio_options.obj
 0001:00000c69       ___local_stdio_scanf_options 10001c69 f i LIBCMT:default_local_stdio_options.obj
 0001:00000c6f       ___scrt_initialize_default_local_stdio_options 10001c6f f   LIBCMT:default_local_stdio_options.obj
 0001:00000c8c       ___scrt_get_dyn_tls_init_callback 10001c8c f   LIBCMT:dyn_tls_init.obj
 0001:00000c92       ___scrt_fastfail           10001c92 f   LIBCMT:utility_desktop.obj
 0001:00000dad       __crt_debugger_hook        10001dad f   LIBCMT:utility_desktop.obj
 0001:00000db5       __RTC_Initialize           10001db5 f   LIBCMT:_initsect_.obj
 0001:00000de0       __RTC_Terminate            10001de0 f   LIBCMT:_initsect_.obj
 0001:00000e0b       @_guard_check_icall@4      10001e0b f i LIBCMT:checkcfg.obj
 0001:00000e20       __SEH_prolog4              10001e20 f   LIBCMT:_sehprolg4_.obj
 0001:00000e66       __SEH_epilog4              10001e66 f   LIBCMT:_sehprolg4_.obj
 0001:00000e7b       ___isa_available_init      10001e7b f   LIBCMT:_cpu_disp_.obj
 0001:00001015       __get_startup_argv_mode    10002015 f   LIBCMT:argv_mode.obj
 0001:00001019       ___scrt_is_ucrt_dll_in_use 10002019 f   LIBCMT:ucrt_detection.obj
 0001:00001070       __except_handler4          10002070 f   libvcruntime:_chandler4_.obj
 0001:000011d6       ___vcrt_initialize         100021d6 f   libvcruntime:initialization.obj
 0001:000011ff       ___vcrt_thread_attach      100021ff f   libvcruntime:initialization.obj
 0001:0000120a       ___vcrt_thread_detach      1000220a f   libvcruntime:initialization.obj
 0001:00001215       ___vcrt_uninitialize       10002215 f   libvcruntime:initialization.obj
 0001:00001234       ___vcrt_uninitialize_critical 10002234 f   libvcruntime:initialization.obj
 0001:0000123c       ___std_type_info_destroy_list 1000223c f   libvcruntime:std_type_info.obj
 0001:00001260       _memset                    10002260 f   libvcruntime:memset.obj
 0001:000013c0       __local_unwind4            100023c0 f   libvcruntime:_exsup4_.obj
 0001:00001496       __seh_longjmp_unwind4@4    10002496 f   libvcruntime:_exsup4_.obj
 0001:000014be       @_EH4_CallFilterFunc@8     100024be f   libvcruntime:_exsup4_.obj
 0001:000014d5       @_EH4_TransferToHandler@8  100024d5 f   libvcruntime:_exsup4_.obj
 0001:000014ee       @_EH4_GlobalUnwind2@8      100024ee f   libvcruntime:_exsup4_.obj
 0001:00001507       @_EH4_LocalUnwind@16       10002507 f   libvcruntime:_exsup4_.obj
 0001:0000151e       @_guard_check_icall_nop@4  1000251e f   LIBCMT:guard_support.obj
 0001:0000151e       ___except_validate_jump_buffer 1000251e f   libvcruntime:jbcxrval.obj
 0001:0000151e       ___except_validate_context_record 1000251e f   libvcruntime:jbcxrval.obj
 0001:0000151f       ___vcrt_freefls@4          1000251f f   libvcruntime:per_thread_data.obj
 0001:0000153b       ___vcrt_freeptd            1000253b f   libvcruntime:per_thread_data.obj
 0001:00001571       ___vcrt_getptd_noexit      10002571 f   libvcruntime:per_thread_data.obj
 0001:00001603       ___vcrt_initialize_ptd     10002603 f   libvcruntime:per_thread_data.obj
 0001:00001636       ___vcrt_uninitialize_ptd   10002636 f   libvcruntime:per_thread_data.obj
 0001:00001651       ___vcrt_initialize_locks   10002651 f   libvcruntime:locks.obj
 0001:0000168d       ___vcrt_uninitialize_locks 1000268d f   libvcruntime:locks.obj
 0001:000017dd       ___vcrt_FlsAlloc           100027dd f   libvcruntime:winapi_downlevel.obj
 0001:00001817       ___vcrt_FlsFree            10002817 f   libvcruntime:winapi_downlevel.obj
 0001:00001851       ___vcrt_FlsGetValue        10002851 f   libvcruntime:winapi_downlevel.obj
 0001:0000188b       ___vcrt_FlsSetValue        1000288b f   libvcruntime:winapi_downlevel.obj
 0001:000018c8       ___vcrt_InitializeCriticalSectionEx 100028c8 f   libvcruntime:winapi_downlevel.obj
 0001:0000190e       ___vcrt_initialize_winapi_thunks 1000290e f   libvcruntime:winapi_downlevel.obj
 0001:00001948       ___vcrt_uninitialize_winapi_thunks 10002948 f   libvcruntime:winapi_downlevel.obj
 0001:0000197a       ___vcrt_initialize_pure_virtual_call_handler 1000297a f   libvcruntime:purevirt_data.obj
 0001:000019a0       __global_unwind2           100029a0 f   libvcruntime:_exsup_.obj
 0001:00001a05       __local_unwind2            10002a05 f   libvcruntime:_exsup_.obj
 0001:00001a89       __abnormal_termination     10002a89 f   libvcruntime:_exsup_.obj
 0001:00001aac       __NLG_Notify1              10002aac f   libvcruntime:_exsup_.obj
 0001:00001ab5       __NLG_Notify               10002ab5 f   libvcruntime:_exsup_.obj
 0001:00001acc       __NLG_Dispatch             10002acc     libvcruntime:_exsup_.obj
 0001:00001acc       __NLG_Dispatch2            10002acc     libvcruntime:_exsup_.obj
 0001:00001ad4       __NLG_Call                 10002ad4 f   libvcruntime:_exsup_.obj
 0001:00001ad6       __NLG_Return2              10002ad6     libvcruntime:_exsup_.obj
 0001:00001ad7       ??0_LocaleUpdate@@QAE@QAU__crt_locale_pointers@@@Z 10002ad7 f i libucrt:stricmp.obj
 0001:00001b5a       __initterm                 10002b5a f   libucrt:initterm.obj
 0001:00001bb6       __initterm_e               10002bb6 f   libucrt:initterm.obj
 0001:00001bfb       __seh_filter_dll           10002bfb f   libucrt:exception_filter.obj
 0001:00001c1b       __seh_filter_exe           10002c1b f   libucrt:exception_filter.obj
 0001:00001fa9       ___acrt_initialize_thread_local_exit_callback 10002fa9 f   libucrt:exit.obj
 0001:00001fb8       __cexit                    10002fb8 f   libucrt:exit.obj
 0001:00001fc7       __exit                     10002fc7 f   libucrt:exit.obj
 0001:00001fdd       __is_c_termination_complete 10002fdd f   libucrt:exit.obj
 0001:0000227c       ___acrt_allocate_buffer_for_argv 1000327c f   libucrt:argv_parsing.obj
 0001:000022d1       __configure_narrow_argv    100032d1 f   libucrt:argv_parsing.obj
 0001:00002435       ??$uninitialize@A6AXAAPAPAD@Z@?$dual_state_global@PAPAD@__crt_state_management@@QAEXA6AXAAPAPAD@Z@Z 10003435 f i libucrt:environment_initialization.obj
 0001:00002435       ??$uninitialize@A6AXAAPAPA_W@Z@?$dual_state_global@PAPA_W@__crt_state_management@@QAEXA6AXAAPAPA_W@Z@Z 10003435 f i libucrt:environment_initialization.obj
 0001:000024ab       ?initialize@?$dual_state_global@PAU__crt_locale_data@@@__crt_state_management@@QAEXQAU__crt_locale_data@@@Z 100034ab f i libucrt:initialization.obj
 0001:000024ab       ?initialize@?$dual_state_global@P6AHPAU_exception@@@Z@__crt_state_management@@QAEXQ6AHPAU_exception@@@Z@Z 100034ab f i libucrt:matherr.obj
 0001:000024ab       ?initialize@?$dual_state_global@P6AXPB_W00II@Z@__crt_state_management@@QAEXQ6AXPB_W00II@Z@Z 100034ab f i libucrt:invalid_parameter.obj
 0001:000024ab       ?initialize@?$dual_state_global@P6AHI@Z@__crt_state_management@@QAEXQ6AHI@Z@Z 100034ab f i libucrt:new_handler.obj
 0001:000024ab       ?initialize@?$dual_state_global@PAPAD@__crt_state_management@@QAEXQAPAD@Z 100034ab f i libucrt:environment_initialization.obj
 0001:000024ab       ?initialize@?$dual_state_global@P6AXH@Z@__crt_state_management@@QAEXQ6AXH@Z@Z 100034ab f i libucrt:signal.obj
 0001:000024dc       ___dcrt_uninitialize_environments_nolock 100034dc f   libucrt:environment_initialization.obj
 0001:00002513       __initialize_narrow_environment 10003513 f   libucrt:environment_initialization.obj
 0001:00002518       ??$?RV<lambda_800076c951b434888f4765a74a194fcc>@@AAV<lambda_4e60a939b0d047cfe11ddc22648dfba9>@@V<lambda_6dbb1268764f43b569ce7b67e331d33a>@@@?$__crt_seh_guarded_call@H@@QAEH$$QAV<lambda_800076c951b434888f4765a74a194fcc>@@AAV<lambda_4e60a939b0d047cfe11ddc22648dfba9>@@$$QAV<lambda_6dbb1268764f43b569ce7b67e331d33a>@@@Z 10003518 f i libucrt:onexit.obj
 0001:00002569       ??$?RV<lambda_995298e7d72eb4c2aab26c0585b3abe5>@@AAV<lambda_275893d493268fdec8709772e3fcec0e>@@V<lambda_293819299cbf9a7022e18b56a874bb5c>@@@?$__crt_seh_guarded_call@H@@QAEH$$QAV<lambda_995298e7d72eb4c2aab26c0585b3abe5>@@AAV<lambda_275893d493268fdec8709772e3fcec0e>@@$$QAV<lambda_293819299cbf9a7022e18b56a874bb5c>@@@Z 10003569 f i libucrt:onexit.obj
 0001:000025ba       ??$__acrt_lock_and_call@V<lambda_275893d493268fdec8709772e3fcec0e>@@@@YAHW4__acrt_lock_id@@$$QAV<lambda_275893d493268fdec8709772e3fcec0e>@@@Z 100035ba f i libucrt:onexit.obj
 0001:000025e2       ??$__acrt_lock_and_call@V<lambda_4e60a939b0d047cfe11ddc22648dfba9>@@@@YAHW4__acrt_lock_id@@$$QAV<lambda_4e60a939b0d047cfe11ddc22648dfba9>@@@Z 100035e2 f i libucrt:onexit.obj
 0001:0000260a       ??$__crt_fast_encode_pointer@P6AHXZ@@YAP6AHXZQ6AHXZ@Z 1000360a f i libucrt:onexit.obj
 0001:0000288a       __crt_atexit               1000388a f   libucrt:onexit.obj
 0001:000028a0       __execute_onexit_table     100038a0 f   libucrt:onexit.obj
 0001:000028bd       __initialize_onexit_table  100038bd f   libucrt:onexit.obj
 0001:000028fa       __register_onexit_function 100038fa f   libucrt:onexit.obj
 0001:0000294a       ___acrt_uninitialize_command_line 1000394a f   libucrt:argv_data.obj
 0001:00002a12       ___acrt_initialize         10003a12 f   libucrt:initialization.obj
 0001:00002a24       ___acrt_thread_attach      10003a24 f   libucrt:initialization.obj
 0001:00002a2f       ___acrt_thread_detach      10003a2f f   libucrt:initialization.obj
 0001:00002a37       ___acrt_uninitialize       10003a37 f   libucrt:initialization.obj
 0001:00002a49       ___acrt_uninitialize_critical 10003a49 f   libucrt:initialization.obj
 0001:00002a5b       _terminate                 10003a5b f   libucrt:terminate.obj
 0001:00002a97       __free_base                10003a97 f   libucrt:free_base.obj
 0001:00002ad1       __malloc_base              10003ad1 f   libucrt:malloc_base.obj
 0001:00002b1f       _strcpy_s                  10003b1f f   libucrt:strcpy_s.obj
 0001:00002b79       _abort                     10003b79 f   libucrt:abort.obj
 0001:00002bbc       __calloc_base              10003bbc f   libucrt:calloc_base.obj
 0001:00002c19       ___acrt_call_reportfault   10003c19 f   libucrt:invalid_parameter.obj
 0001:00002d54       ___acrt_initialize_invalid_parameter_handler 10003d54 f   libucrt:invalid_parameter.obj
 0001:00002d68       __invalid_parameter        10003d68 f   libucrt:invalid_parameter.obj
 0001:00002de3       __invalid_parameter_noinfo 10003de3 f   libucrt:invalid_parameter.obj
 0001:00002df3       __invoke_watson            10003df3 f   libucrt:invalid_parameter.obj
 0001:00002e26       ___acrt_errno_from_os_error 10003e26 f   libucrt:errno.obj
 0001:00002e69       ___acrt_errno_map_os_error 10003e69 f   libucrt:errno.obj
 0001:00002e8c       ___doserrno                10003e8c f   libucrt:errno.obj
 0001:00002e9f       __errno                    10003e9f f   libucrt:errno.obj
 0001:00002eb2       ??$?RV<lambda_3518db117f0e7cdb002338c5d3c47b6c>@@AAV<lambda_b2ea41f6bbb362cd97d94c6828d90b61>@@V<lambda_abdedf541bb04549bc734292b4a045d4>@@@?$__crt_seh_guarded_call@X@@QAEX$$QAV<lambda_3518db117f0e7cdb002338c5d3c47b6c>@@AAV<lambda_b2ea41f6bbb362cd97d94c6828d90b61>@@$$QAV<lambda_abdedf541bb04549bc734292b4a045d4>@@@Z 10003eb2 f i libucrt:per_thread_data.obj
 0001:00002f02       ??$?RV<lambda_51b6e8b1eb166f2a3faf91f424b38130>@@AAV<lambda_6250bd4b2a391816dd638c3bf72b0bcb>@@V<lambda_0b5a4a3e68152e1d9b943535f5f47bed>@@@?$__crt_seh_guarded_call@X@@QAEX$$QAV<lambda_51b6e8b1eb166f2a3faf91f424b38130>@@AAV<lambda_6250bd4b2a391816dd638c3bf72b0bcb>@@$$QAV<lambda_0b5a4a3e68152e1d9b943535f5f47bed>@@@Z 10003f02 f i libucrt:per_thread_data.obj
 0001:00002f63       ??$?RV<lambda_5b71d36f03204c0beab531769a5b5694>@@AAV<lambda_be2b3da3f62db62e9dad5dc70221a656>@@V<lambda_8f9ce462984622f9bf76b59e2aaaf805>@@@?$__crt_seh_guarded_call@X@@QAEX$$QAV<lambda_5b71d36f03204c0beab531769a5b5694>@@AAV<lambda_be2b3da3f62db62e9dad5dc70221a656>@@$$QAV<lambda_8f9ce462984622f9bf76b59e2aaaf805>@@@Z 10003f63 f i libucrt:per_thread_data.obj
 0001:00002fae       ??$?RV<lambda_9df27f884b057bc3edfc946cb5b7cf47>@@AAV<lambda_e69574bed617af4e071282c136b37893>@@V<lambda_cc0d902bcbbeb830f749456577db4721>@@@?$__crt_seh_guarded_call@X@@QAEX$$QAV<lambda_9df27f884b057bc3edfc946cb5b7cf47>@@AAV<lambda_e69574bed617af4e071282c136b37893>@@$$QAV<lambda_cc0d902bcbbeb830f749456577db4721>@@@Z 10003fae f i libucrt:per_thread_data.obj
 0001:00002ff6       ??$__acrt_lock_and_call@V<lambda_6250bd4b2a391816dd638c3bf72b0bcb>@@@@YAXW4__acrt_lock_id@@$$QAV<lambda_6250bd4b2a391816dd638c3bf72b0bcb>@@@Z 10003ff6 f i libucrt:per_thread_data.obj
 0001:0000301e       ??$__acrt_lock_and_call@V<lambda_b2ea41f6bbb362cd97d94c6828d90b61>@@@@YAXW4__acrt_lock_id@@$$QAV<lambda_b2ea41f6bbb362cd97d94c6828d90b61>@@@Z 1000401e f i libucrt:per_thread_data.obj
 0001:00003046       ??$__acrt_lock_and_call@V<lambda_be2b3da3f62db62e9dad5dc70221a656>@@@@YAXW4__acrt_lock_id@@$$QAV<lambda_be2b3da3f62db62e9dad5dc70221a656>@@@Z 10004046 f i libucrt:per_thread_data.obj
 0001:0000306e       ??$__acrt_lock_and_call@V<lambda_e69574bed617af4e071282c136b37893>@@@@YAXW4__acrt_lock_id@@$$QAV<lambda_e69574bed617af4e071282c136b37893>@@@Z 1000406e f i libucrt:per_thread_data.obj
 0001:00003224       ___acrt_freeptd            10004224 f   libucrt:per_thread_data.obj
 0001:00003250       ___acrt_getptd             10004250 f   libucrt:per_thread_data.obj
 0001:000032d4       ___acrt_getptd_noexit      100042d4 f   libucrt:per_thread_data.obj
 0001:00003359       ___acrt_initialize_ptd     10004359 f   libucrt:per_thread_data.obj
 0001:00003385       ___acrt_uninitialize_ptd   10004385 f   libucrt:per_thread_data.obj
 0001:0000339f       ___acrt_update_locale_info 1000439f f   libucrt:locale_update.obj
 0001:000033cc       ___acrt_update_multibyte_info 100043cc f   libucrt:locale_update.obj
 0001:000033f9       ___acrt_set_locale_changed 100043f9 f   libucrt:wsetlocale.obj
 0001:00003404       ___acrt_uninitialize_locale 10004404 f   libucrt:wsetlocale.obj
 0001:00003456       ___acrt_initialize_locks   10004456 f   libucrt:locks.obj
 0001:00003497       ___acrt_lock               10004497 f   libucrt:locks.obj
 0001:000034ae       ___acrt_uninitialize_locks 100044ae f   libucrt:locks.obj
 0001:000034df       ___acrt_unlock             100044df f   libucrt:locks.obj
 0001:0000360d       ___acrt_FlsAlloc@4         1000460d f   libucrt:winapi_thunks.obj
 0001:00003663       ___acrt_FlsFree@4          10004663 f   libucrt:winapi_thunks.obj
 0001:000036b9       ___acrt_FlsGetValue@4      100046b9 f   libucrt:winapi_thunks.obj
 0001:0000370f       ___acrt_FlsSetValue@8      1000470f f   libucrt:winapi_thunks.obj
 0001:00003768       ___acrt_InitializeCriticalSectionEx@12 10004768 f   libucrt:winapi_thunks.obj
 0001:000037ca       ___acrt_LCMapStringEx@36   100047ca f   libucrt:winapi_thunks.obj
 0001:00003852       ___acrt_LocaleNameToLCID@8 10004852 f   libucrt:winapi_thunks.obj
 0001:000038ae       ___acrt_initialize_winapi_thunks 100048ae f   libucrt:winapi_thunks.obj
 0001:000038d4       ___acrt_is_packaged_app    100048d4 f   libucrt:winapi_thunks.obj
 0001:0000395b       ___acrt_uninitialize_winapi_thunks 1000495b f   libucrt:winapi_thunks.obj
 0001:00003d53       ??1?$argument_list@D@?A0xb0e4b824@@QAE@XZ 10004d53 f i libucrt:argv_wildcards.obj
 0001:00003d78       ?append@?$argument_list@D@?A0xb0e4b824@@QAEHQAD@Z 10004d78 f i libucrt:argv_wildcards.obj
 0001:00003dad       ?expand_if_necessary@?$argument_list@D@?A0xb0e4b824@@AAEHXZ 10004dad f i libucrt:argv_wildcards.obj
 0001:00003e34       ___acrt_expand_narrow_argv_wildcards 10004e34 f   libucrt:argv_wildcards.obj
 0001:00003e3f       ??$?RV<lambda_978dc153c237d78434369da87b74ff60>@@AAV<lambda_ad1ced32f4ac17aa236e5ef05d6b3b7c>@@V<lambda_4a8533e2866a575feecb8298ce776b0d>@@@?$__crt_seh_guarded_call@X@@QAEX$$QAV<lambda_978dc153c237d78434369da87b74ff60>@@AAV<lambda_ad1ced32f4ac17aa236e5ef05d6b3b7c>@@$$QAV<lambda_4a8533e2866a575feecb8298ce776b0d>@@@Z 10004e3f f i libucrt:mbctype.obj
 0001:00003e82       ??$__acrt_lock_and_call@V<lambda_ad1ced32f4ac17aa236e5ef05d6b3b7c>@@@@YAXW4__acrt_lock_id@@$$QAV<lambda_ad1ced32f4ac17aa236e5ef05d6b3b7c>@@@Z 10004e82 f i libucrt:mbctype.obj
 0001:00004319       ___acrt_initialize_multibyte 10005319 f   libucrt:mbctype.obj
 0001:00004337       ___acrt_update_thread_multibyte_data 10005337 f   libucrt:mbctype.obj
 0001:000043d9       __setmbcp_nolock           100053d9 f   libucrt:mbctype.obj
 0001:000046a4       __ismbblead                100056a4 f   libucrt:ismbbyte.obj
 0001:000046bc       ___acrt_initialize_command_line 100056bc f   libucrt:argv_data.obj
 0001:0000470c       ___dcrt_get_narrow_environment_from_os 1000570c f   libucrt:get_environment_from_os.obj
 0001:0000478f       __recalloc                 1000578f f   libucrt:recalloc.obj
 0001:0000479a       __recalloc_base            1000579a f   libucrt:recalloc.obj
 0001:00004807       ___acrt_initialize_heap    10005807 f   libucrt:heap_handle.obj
 0001:00004818       ___acrt_uninitialize_heap  10005818 f   libucrt:heap_handle.obj
 0001:0000498e       ___acrt_initialize_lowio   1000598e f   libucrt:ioinit.obj
 0001:000049e4       ___acrt_uninitialize_lowio 100059e4 f   libucrt:ioinit.obj
 0001:00004a10       ___acrt_execute_initializers 10005a10 f   libucrt:shared_initialization.obj
 0001:00004a93       ___acrt_execute_uninitializers 10005a93 f   libucrt:shared_initialization.obj
 0001:00004ae0       ___acrt_initialize_new_handler 10005ae0 f   libucrt:new_handler.obj
 0001:00004af4       __callnewh                 10005af4 f   libucrt:new_handler.obj
 0001:00004b38       __query_new_handler        10005b38 f   libucrt:new_handler.obj
 0001:00004b8a       ??$?RV<lambda_a048d3beccc847880fc8490e18b82769>@@AAV<lambda_ec61778202f4f5fc7e7711acc23c3bca>@@V<lambda_f7496a158712204296dd6628a163878e>@@@?$__crt_seh_guarded_call@P6AXH@Z@@QAEP6AXH@Z$$QAV<lambda_a048d3beccc847880fc8490e18b82769>@@AAV<lambda_ec61778202f4f5fc7e7711acc23c3bca>@@$$QAV<lambda_f7496a158712204296dd6628a163878e>@@@Z 10005b8a f i libucrt:signal.obj
 0001:00004be4       ??$__acrt_lock_and_call@V<lambda_ec61778202f4f5fc7e7711acc23c3bca>@@@@YAP6AXH@ZW4__acrt_lock_id@@$$QAV<lambda_ec61778202f4f5fc7e7711acc23c3bca>@@@Z 10005be4 f i libucrt:signal.obj
 0001:00004c76       ___acrt_get_sigabrt_handler 10005c76 f   libucrt:signal.obj
 0001:00004c8d       ___acrt_initialize_signal_handlers 10005c8d f   libucrt:signal.obj
 0001:00004cc8       ___fpecode                 10005cc8 f   libucrt:signal.obj
 0001:00004cd1       _raise                     10005cd1 f   libucrt:signal.obj
 0001:00004ed9       ___acrt_has_user_matherr   10005ed9 f   libucrt:matherr.obj
 0001:00004ef2       ___acrt_initialize_user_matherr 10005ef2 f   libucrt:matherr.obj
 0001:00004f06       ___acrt_invoke_user_matherr 10005f06 f   libucrt:matherr.obj
 0001:00004f4f       __query_new_mode           10005f4f f   libucrt:new_mode.obj
 0001:00004f55       __mbtowc_l                 10005f55 f   libucrt:mbtowc.obj
 0001:0000504f       _mbtowc                    1000604f f   libucrt:mbtowc.obj
 0001:00005069       __fileno                   10006069 f   libucrt:fileno.obj
 0001:0000508f       ___acrt_initialize_stdio   1000608f f   libucrt:_file.obj
 0001:00005157       ___acrt_uninitialize_stdio 10006157 f   libucrt:_file.obj
 0001:000051a3       __lock_file                100061a3 f   libucrt:_file.obj
 0001:000051b7       __unlock_file              100061b7 f   libucrt:_file.obj
 0001:000051cb       ___pctype_func             100061cb f   libucrt:ctype.obj
 0001:000051f1       __isleadbyte_l             100061f1 f i libucrt:_wctype.obj
 0001:00005447       ___acrt_LCMapStringA       10006447 f   libucrt:lcmapstringa.obj
 0001:00005492       __freea_crt                10006492 f i libucrt:lcmapstringa.obj
 0001:000054b2       ___acrt_add_locale_ref     100064b2 f   libucrt:locale_refcounting.obj
 0001:0000552f       ___acrt_free_locale        1000652f f   libucrt:locale_refcounting.obj
 0001:00005679       ___acrt_locale_add_lc_time_reference 10006679 f   libucrt:locale_refcounting.obj
 0001:000056a2       ___acrt_locale_free_lc_time_if_unreferenced 100066a2 f   libucrt:locale_refcounting.obj
 0001:000056d2       ___acrt_locale_release_lc_time_reference 100066d2 f   libucrt:locale_refcounting.obj
 0001:000056fb       ___acrt_release_locale_ref 100066fb f   libucrt:locale_refcounting.obj
 0001:0000577c       ___acrt_update_thread_locale_data 1000677c f   libucrt:locale_refcounting.obj
 0001:000057f3       __updatetlocinfoEx_nolock  100067f3 f   libucrt:locale_refcounting.obj
 0001:00005843       ___acrt_locale_free_monetary 10006843 f   libucrt:initmon.obj
 0001:00005941       ___acrt_locale_free_numeric 10006941 f   libucrt:initnum.obj
 0001:000059e6       ___acrt_locale_free_time   100069e6 f   libucrt:inittime.obj
 0001:00005aca       ___acrt_GetStringTypeA     10006aca f   libucrt:getstringtypea.obj
 0001:00005ca3       ___acrt_DownlevelLocaleNameToLCID 10006ca3 f   libucrt:lcidtoname_downlevel.obj
 0001:00005db0       _qsort                     10006db0 f   libucrt:qsort.obj
 0001:000061fb       _strncpy_s                 100071fb f   libucrt:strncpy_s.obj
 0001:00006210       _strpbrk                   10007210 f   libucrt:strpbrk.obj
 0001:00006250       __mbsdec                   10007250 f   libucrt:mbsdec.obj
 0001:00006267       __mbsdec_l                 10007267 f   libucrt:mbsdec.obj
 0001:00006303       __msize                    10007303 f   libucrt:msize.obj
 0001:00006336       __realloc_base             10007336 f   libucrt:realloc_base.obj
 0001:0000639f       ___acrt_lowio_create_handle_array 1000739f f   libucrt:osfinfo.obj
 0001:00006419       ___acrt_lowio_destroy_handle_array 10007419 f   libucrt:osfinfo.obj
 0001:0000644e       ___acrt_lowio_ensure_fh_exists 1000744e f   libucrt:osfinfo.obj
 0001:000064e6       ___acrt_lowio_lock_fh      100074e6 f   libucrt:osfinfo.obj
 0001:00006509       ___acrt_lowio_unlock_fh    10007509 f   libucrt:osfinfo.obj
 0001:0000652c       __free_osfhnd              1000752c f   libucrt:osfinfo.obj
 0001:000065bd       __get_osfhandle            100075bd f   libucrt:osfinfo.obj
 0001:00006627       __isatty                   10007627 f   libucrt:isatty.obj
 0001:0000667d       ___acrt_stdio_flush_nolock 1000767d f   libucrt:fflush.obj
 0001:000066e3       __fflush_nolock            100076e3 f   libucrt:fflush.obj
 0001:0000672a       __flushall                 1000772a f   libucrt:fflush.obj
 0001:0000680b       __fcloseall                1000780b f   libucrt:closeall.obj
 0001:000068ab       ___acrt_stdio_free_buffer_nolock 100078ab f   libucrt:_freebuf.obj
 0001:000068e9       ___strncnt                 100078e9 f   libucrt:strncnt.obj
 0001:00006905       __query_app_type           10007905 f   libucrt:report_runtime_error.obj
 0001:0000690b       ??$?RV<lambda_61cee617f5178ae960314fd4d05640a0>@@AAV<lambda_6978c1fb23f02e42e1d9e99668cc68aa>@@V<lambda_9cd88cf8ad10232537feb2133f08c833>@@@?$__crt_seh_guarded_call@H@@QAEH$$QAV<lambda_61cee617f5178ae960314fd4d05640a0>@@AAV<lambda_6978c1fb23f02e42e1d9e99668cc68aa>@@$$QAV<lambda_9cd88cf8ad10232537feb2133f08c833>@@@Z 1000790b f i libucrt:commit.obj
 0001:000069a3       ??$__acrt_lowio_lock_fh_and_call@V<lambda_6978c1fb23f02e42e1d9e99668cc68aa>@@@@YAHH$$QAV<lambda_6978c1fb23f02e42e1d9e99668cc68aa>@@@Z 100079a3 f i libucrt:commit.obj
 0001:000069cb       __commit                   100079cb f   libucrt:commit.obj
 0001:00006fca       __write                    10007fca f   libucrt:write.obj
 0001:000070b5       __write_nolock             100080b5 f   libucrt:write.obj
 0001:000072d0       _log10                     100082d0 f   libucrt:log10.obj
 0001:00007310       __CIlog10                  10008310 f   libucrt:log10.obj
 0001:0000734b       __CIlog10_default          1000834b f   libucrt:log10.obj
 0001:0000735f       __log10_default            1000835f     libucrt:log10.obj
 0001:00007420       _ceil                      10008420 f   libucrt:ceil_pentium4.obj
 0001:00007460       __ceil_pentium4            10008460 f   libucrt:ceil_pentium4.obj
 0001:000075bb       __lseeki64_nolock          100085bb f   libucrt:lseek.obj
 0001:000075d6       __fclose_nolock            100085d6 f   libucrt:fclose.obj
 0001:0000764c       _fclose                    1000864c f   libucrt:fclose.obj
 0001:000076d0       ___ascii_strnicmp          100086d0 f   libucrt:_strnicm.obj
 0001:00007731       __putwch_nolock            10008731 f   libucrt:putwch.obj
 0001:00007776       ___acrt_initialize_sse2    10008776 f   libucrt:mathfcns.obj
 0001:00007790       __CIlog10_pentium4         10008790 f   libucrt:log10_pentium4.obj
 0001:000077a8       __log10_pentium4           100087a8     libucrt:log10_pentium4.obj
 0001:00007a31       __fFEXP                    10008a31     libucrt:87tran.obj
 0001:00007a88       __rtinfpopse               10008a88     libucrt:87tran.obj
 0001:00007a8a       __rtinfnpopse              10008a8a     libucrt:87tran.obj
 0001:00007a9a       __fFLN                     10008a9a     libucrt:87tran.obj
 0001:00007b4f       __rtinfpop                 10008b4f     libucrt:87tran.obj
 0001:00007b51       __rtinfnpop                10008b51     libucrt:87tran.obj
 0001:00007b6e       __ffexpm1                  10008b6e     libucrt:87tran.obj
 0001:00007c20       __trandisp1                10008c20 f   libucrt:87disp.obj
 0001:00007c87       __trandisp2                10008c87 f   libucrt:87disp.obj
 0001:00007d13       __rttospopde               10008d13     libucrt:87disp.obj
 0001:00007d18       __rttospop                 10008d18     libucrt:87disp.obj
 0001:00007d1a       __rtnospop                 10008d1a     libucrt:87disp.obj
 0001:00007d1c       __rttosnpop                10008d1c     libucrt:87disp.obj
 0001:00007d1d       __rtnospopde               10008d1d     libucrt:87disp.obj
 0001:00007d24       __rtzeropop                10008d24     libucrt:87disp.obj
 0001:00007d26       __rtzeronpop               10008d26     libucrt:87disp.obj
 0001:00007d2b       __rtzerospop               10008d2b     libucrt:87disp.obj
 0001:00007d38       __rtonepop                 10008d38     libucrt:87disp.obj
 0001:00007d3a       __rtonenpop                10008d3a     libucrt:87disp.obj
 0001:00007d3f       __tosnan1                  10008d3f     libucrt:87disp.obj
 0001:00007d6a       __nosnan2                  10008d6a     libucrt:87disp.obj
 0001:00007d6c       __tosnan2                  10008d6c     libucrt:87disp.obj
 0001:00007d94       __nan2                     10008d94     libucrt:87disp.obj
 0001:00007dd3       __rtindfpop                10008dd3     libucrt:87disp.obj
 0001:00007dd5       __rtindfnpop               10008dd5     libucrt:87disp.obj
 0001:00007de6       __rttosnpopde              10008de6     libucrt:87disp.obj
 0001:00007df0       __rtatan2inf               10008df0     libucrt:87disp.obj
 0001:00007e0d       __rtchsifneg               10008e0d     libucrt:87disp.obj
 0001:00007e20       __twoToTOS                 10008e20 f   libucrt:common.obj
 0001:00007e35       __load_CW                  10008e35 f   libucrt:common.obj
 0001:00007e4c       __convertTOStoQNaN         10008e4c f   libucrt:common.obj
 0001:00007e65       __fload_withFB             10008e65 f   libucrt:common.obj
 0001:00007ea8       __checkTOS_withFB          10008ea8 f   libucrt:common.obj
 0001:00007ebe       __fast_exit                10008ebe f   libucrt:common.obj
 0001:00007ecb       __math_exit                10008ecb f   libucrt:common.obj
 0001:00007ef5       __check_overflow_exit      10008ef5 f   libucrt:common.obj
 0001:00007f09       __check_range_exit         10008f09 f   libucrt:common.obj
 0001:00007fb0       __startTwoArgErrorHandling 10008fb0 f   libucrt:genexcep.obj
 0001:00007fc7       __startOneArgErrorHandling 10008fc7 f   libucrt:genexcep.obj
 0001:00008003       ___libm_error_support      10009003 f   libucrt:libm_error.obj
 0001:0000821b       __ceil_default             1000921b f   libucrt:ceil.obj
 0001:000082d4       ??$?RV<lambda_123407a5e2ac06da108355a851863b7a>@@AAV<lambda_2fe9b910cf3cbf4a0ab98a02ba45b3ec>@@V<lambda_ae55bdf541ad94d75914d381c370e64d>@@@?$__crt_seh_guarded_call@H@@QAEH$$QAV<lambda_123407a5e2ac06da108355a851863b7a>@@AAV<lambda_2fe9b910cf3cbf4a0ab98a02ba45b3ec>@@$$QAV<lambda_ae55bdf541ad94d75914d381c370e64d>@@@Z 100092d4 f i libucrt:close.obj
 0001:00008356       ??$__acrt_lowio_lock_fh_and_call@V<lambda_2fe9b910cf3cbf4a0ab98a02ba45b3ec>@@@@YAHH$$QAV<lambda_2fe9b910cf3cbf4a0ab98a02ba45b3ec>@@@Z 10009356 f i libucrt:close.obj
 0001:0000837e       __close                    1000937e f   libucrt:close.obj
 0001:000083fd       __close_nolock             100093fd f   libucrt:close.obj
 0001:00008499       ?__acrt_stdio_free_stream@@YAXV__crt_stdio_stream@@@Z 10009499 f   libucrt:stream.obj
 0001:000084d4       ___dcrt_lowio_initialize_console_output 100094d4 f   libucrt:initcon.obj
 0001:000084f3       ___dcrt_terminate_console_output 100094f3 f   libucrt:initcon.obj
 0001:0000850a       __clrfp                    1000950a f   libucrt:fpctrl.obj
 0001:0000851d       __ctrlfp                   1000951d f   libucrt:fpctrl.obj
 0001:00008549       __set_statfp               10009549 f   libucrt:fpctrl.obj
 0001:000085a4       __statfp                   100095a4 f   libucrt:fpctrl.obj
 0001:000085b6       __d_inttype                100095b6 f   libucrt:powhlp.obj
 0001:00008620       __powhlp                   10009620 f   libucrt:powhlp.obj
 0001:0000874b       __87except                 1000974b f   libucrt:87except.obj
 0001:00008856       __frnd                     10009856 f   libucrt:frnd.obj
 0001:0000886c       __errcode                  1000986c f   libucrt:fpexcept.obj
 0001:000088a0       __except1                  100098a0 f   libucrt:fpexcept.obj
 0001:0000896e       __handle_exc               1000996e f   libucrt:fpexcept.obj
 0001:00008b4e       __raise_exc                10009b4e f   libucrt:fpexcept.obj
 0001:00008b71       __raise_exc_ex             10009b71 f   libucrt:fpexcept.obj
 0001:00008e62       __set_errno_from_matherr   10009e62 f   libucrt:fpexcept.obj
 0001:00008e91       __umatherr                 10009e91 f   libucrt:fpexcept.obj
 0001:00008f33       __decomp                   10009f33 f   libucrt:util.obj
 0001:00009007       __set_exp                  1000a007 f   libucrt:util.obj
 0001:00009036       __sptype                   1000a036 f   libucrt:util.obj
 0001:00009094       __fpclass                  1000a094 f   libucrt:ieeemisc.obj
 0001:00009138       _IsProcessorFeaturePresent@4 1000a138 f   kernel32:KERNEL32.dll
 0001:0000913e       _RtlUnwind@16              1000a13e f   kernel32:KERNEL32.dll
 0001:00009150       __FindPESection            1000a150 f   LIBCMT:pesect.obj
 0001:000091a0       __IsNonwritableInCurrentImage 1000a1a0 f   LIBCMT:pesect.obj
 0001:00009260       __ValidateImageBase        1000a260 f   LIBCMT:pesect.obj
 0001:000092a0       __aulldvrm                 1000a2a0 f   LIBCMT:ulldvrm.obj
 0001:00009340       __SEH_prolog4_GS           1000a340 f   LIBCMT:_sehprolg4gs_.obj
 0001:00009389       __SEH_epilog4_GS           1000a389 f   LIBCMT:_sehprolg4gs_.obj
 0001:000093a0       __allmul                   1000a3a0 f   LIBCMT:llmul.obj
 0001:000093e0       __alldvrm                  1000a3e0 f   LIBCMT:lldvrm.obj
 0001:000094c0       __aullshr                  1000a4c0 f   LIBCMT:ullshr.obj
 0001:000094e0       __alloca_probe_16          1000a4e0 f   LIBCMT:alloca16.obj
 0001:000094f6       __alloca_probe_8           1000a4f6     LIBCMT:alloca16.obj
 0001:00009510       __allshl                   1000a510 f   LIBCMT:llshl.obj
 0001:00009530       __ftol2_sse                1000a530 f   LIBCMT:_ftol2_.obj
 0001:00009539       __ftol2_pentium4           1000a539 f   LIBCMT:_ftol2_.obj
 0001:0000954c       __ftol2_sse_excpt          1000a54c f   LIBCMT:_ftol2_.obj
 0001:00009570       __ftol2                    1000a570 f   LIBCMT:_ftol2_.obj
 0001:000095f0       __chkstk                   1000a5f0 f   LIBCMT:chkstk.obj
 0001:000095f0       __alloca_probe             1000a5f0 f   LIBCMT:chkstk.obj
 0001:00009620       _memcpy                    1000a620 f   libvcruntime:memcpy.obj
 0001:00009ba0       _strchr                    1000aba0 f   libvcruntime:strchr.obj
 0001:00009c0e       ___from_strstr_to_strchr   1000ac0e     libvcruntime:strchr.obj
 0001:00009cd0       _memmove                   1000acd0 f   libvcruntime:memmove.obj
 0001:0000a250       _strrchr                   1000b250 f   libvcruntime:strrchr.obj
 0001:0000a390       __libm_sse2_pow_precise    1000b390 f   libucrt:pow_sse2_precise.obj
 0001:0000aee0       _pow                       1000bee0 f   libucrt:pow.obj
 0001:0000af20       __CIpow                    1000bf20 f   libucrt:pow.obj
 0001:0000af5b       __CIpow_default            1000bf5b f   libucrt:pow.obj
 0001:0000af74       __pow_default              1000bf74     libucrt:pow.obj
 0001:0000b170       __CIpow_pentium4           1000c170 f   libucrt:pow_pentium4.obj
 0001:0000b189       __pow_pentium4             1000c189     libucrt:pow_pentium4.obj
 0002:00000000       __imp__CreateFileW@28      1000d000     kernel32:KERNEL32.dll
 0002:00000004       __imp__DecodePointer@4     1000d004     kernel32:KERNEL32.dll
 0002:00000008       __imp__WriteConsoleW@20    1000d008     kernel32:KERNEL32.dll
 0002:0000000c       __imp__CloseHandle@4       1000d00c     kernel32:KERNEL32.dll
 0002:00000010       __imp__SetFilePointerEx@20 1000d010     kernel32:KERNEL32.dll
 0002:00000014       __imp__GetConsoleMode@8    1000d014     kernel32:KERNEL32.dll
 0002:00000018       __imp__GetConsoleCP@0      1000d018     kernel32:KERNEL32.dll
 0002:0000001c       __imp__FlushFileBuffers@4  1000d01c     kernel32:KERNEL32.dll
 0002:00000020       __imp__WriteFile@20        1000d020     kernel32:KERNEL32.dll
 0002:00000024       __imp__SetStdHandle@8      1000d024     kernel32:KERNEL32.dll
 0002:00000028       __imp__HeapReAlloc@16      1000d028     kernel32:KERNEL32.dll
 0002:0000002c       __imp__HeapSize@12         1000d02c     kernel32:KERNEL32.dll
 0002:00000030       __imp__GetStringTypeW@16   1000d030     kernel32:KERNEL32.dll
 0002:00000034       __imp__GetFileType@4       1000d034     kernel32:KERNEL32.dll
 0002:00000038       __imp__GetStdHandle@4      1000d038     kernel32:KERNEL32.dll
 0002:0000003c       __imp__GetProcessHeap@0    1000d03c     kernel32:KERNEL32.dll
 0002:00000040       __imp__FreeEnvironmentStringsW@4 1000d040     kernel32:KERNEL32.dll
 0002:00000044       __imp__GetEnvironmentStringsW@0 1000d044     kernel32:KERNEL32.dll
 0002:00000048       __imp__GetCommandLineW@0   1000d048     kernel32:KERNEL32.dll
 0002:0000004c       __imp__GetCommandLineA@0   1000d04c     kernel32:KERNEL32.dll
 0002:00000050       __imp__GetCPInfo@8         1000d050     kernel32:KERNEL32.dll
 0002:00000054       __imp__GetOEMCP@0          1000d054     kernel32:KERNEL32.dll
 0002:00000058       __imp__IsValidCodePage@4   1000d058     kernel32:KERNEL32.dll
 0002:0000005c       __imp__UnhandledExceptionFilter@4 1000d05c     kernel32:KERNEL32.dll
 0002:00000060       __imp__SetUnhandledExceptionFilter@4 1000d060     kernel32:KERNEL32.dll
 0002:00000064       __imp__GetCurrentProcess@0 1000d064     kernel32:KERNEL32.dll
 0002:00000068       __imp__TerminateProcess@8  1000d068     kernel32:KERNEL32.dll
 0002:0000006c       __imp__IsProcessorFeaturePresent@4 1000d06c     kernel32:KERNEL32.dll
 0002:00000070       __imp__QueryPerformanceCounter@4 1000d070     kernel32:KERNEL32.dll
 0002:00000074       __imp__GetCurrentProcessId@0 1000d074     kernel32:KERNEL32.dll
 0002:00000078       __imp__GetCurrentThreadId@0 1000d078     kernel32:KERNEL32.dll
 0002:0000007c       __imp__GetSystemTimeAsFileTime@4 1000d07c     kernel32:KERNEL32.dll
 0002:00000080       __imp__InitializeSListHead@4 1000d080     kernel32:KERNEL32.dll
 0002:00000084       __imp__IsDebuggerPresent@0 1000d084     kernel32:KERNEL32.dll
 0002:00000088       __imp__GetStartupInfoW@4   1000d088     kernel32:KERNEL32.dll
 0002:0000008c       __imp__GetModuleHandleW@4  1000d08c     kernel32:KERNEL32.dll
 0002:00000090       __imp__InterlockedFlushSList@4 1000d090     kernel32:KERNEL32.dll
 0002:00000094       __imp__RtlUnwind@16        1000d094     kernel32:KERNEL32.dll
 0002:00000098       __imp__GetLastError@0      1000d098     kernel32:KERNEL32.dll
 0002:0000009c       __imp__SetLastError@4      1000d09c     kernel32:KERNEL32.dll
 0002:000000a0       __imp__EnterCriticalSection@4 1000d0a0     kernel32:KERNEL32.dll
 0002:000000a4       __imp__LeaveCriticalSection@4 1000d0a4     kernel32:KERNEL32.dll
 0002:000000a8       __imp__DeleteCriticalSection@4 1000d0a8     kernel32:KERNEL32.dll
 0002:000000ac       __imp__InitializeCriticalSectionAndSpinCount@8 1000d0ac     kernel32:KERNEL32.dll
 0002:000000b0       __imp__TlsAlloc@0          1000d0b0     kernel32:KERNEL32.dll
 0002:000000b4       __imp__TlsGetValue@4       1000d0b4     kernel32:KERNEL32.dll
 0002:000000b8       __imp__TlsSetValue@8       1000d0b8     kernel32:KERNEL32.dll
 0002:000000bc       __imp__TlsFree@4           1000d0bc     kernel32:KERNEL32.dll
 0002:000000c0       __imp__FreeLibrary@4       1000d0c0     kernel32:KERNEL32.dll
 0002:000000c4       __imp__GetProcAddress@8    1000d0c4     kernel32:KERNEL32.dll
 0002:000000c8       __imp__LoadLibraryExW@12   1000d0c8     kernel32:KERNEL32.dll
 0002:000000cc       __imp__ExitProcess@4       1000d0cc     kernel32:KERNEL32.dll
 0002:000000d0       __imp__GetModuleHandleExW@12 1000d0d0     kernel32:KERNEL32.dll
 0002:000000d4       __imp__GetModuleFileNameA@12 1000d0d4     kernel32:KERNEL32.dll
 0002:000000d8       __imp__MultiByteToWideChar@24 1000d0d8     kernel32:KERNEL32.dll
 0002:000000dc       __imp__WideCharToMultiByte@32 1000d0dc     kernel32:KERNEL32.dll
 0002:000000e0       __imp__HeapFree@12         1000d0e0     kernel32:KERNEL32.dll
 0002:000000e4       __imp__HeapAlloc@12        1000d0e4     kernel32:KERNEL32.dll
 0002:000000e8       __imp__GetACP@0            1000d0e8     kernel32:KERNEL32.dll
 0002:000000ec       __imp__LCMapStringW@24     1000d0ec     kernel32:KERNEL32.dll
 0002:000000f0       __imp__FindClose@4         1000d0f0     kernel32:KERNEL32.dll
 0002:000000f4       __imp__FindFirstFileExA@24 1000d0f4     kernel32:KERNEL32.dll
 0002:000000f8       __imp__FindNextFileA@8     1000d0f8     kernel32:KERNEL32.dll
 0002:000000fc       __imp__RaiseException@16   1000d0fc     kernel32:KERNEL32.dll
 0002:00000100       \177KERNEL32_NULL_THUNK_DATA 1000d100     kernel32:KERNEL32.dll
 0002:00000104       __imp__node_module_register 1000d104     iojs:node.dll
 0002:00000108       __imp_?New@ObjectTemplate@v8@@SA?AV?$Local@VObjectTemplate@v8@@@2@PAVIsolate@2@V?$Local@VFunctionTemplate@v8@@@2@@Z 1000d108     iojs:node.dll
 0002:0000010c       __imp_?NewInstance@ObjectTemplate@v8@@QAE?AV?$MaybeLocal@VObject@v8@@@2@V?$Local@VContext@v8@@@2@@Z 1000d10c     iojs:node.dll
 0002:00000110       __imp_?SetInternalFieldCount@ObjectTemplate@v8@@QAEXH@Z 1000d110     iojs:node.dll
 0002:00000114       __imp_?Set@Object@v8@@QAE_NV?$Local@VValue@v8@@@2@0@Z 1000d114     iojs:node.dll
 0002:00000118       __imp_?SetInternalField@Object@v8@@QAEXHV?$Local@VValue@v8@@@2@@Z 1000d118     iojs:node.dll
 0002:0000011c       __imp_?SlowGetInternalField@Object@v8@@AAE?AV?$Local@VValue@v8@@@2@H@Z 1000d11c     iojs:node.dll
 0002:00000120       __imp_?New@Number@v8@@SA?AV?$Local@VNumber@v8@@@2@PAVIsolate@2@N@Z 1000d120     iojs:node.dll
 0002:00000124       __imp_?NewFromUtf8@String@v8@@SA?AV?$MaybeLocal@VString@v8@@@2@PAVIsolate@2@PBDW4NewStringType@2@H@Z 1000d124     iojs:node.dll
 0002:00000128       __imp_??0EscapableHandleScope@v8@@QAE@PAVIsolate@1@@Z 1000d128     iojs:node.dll
 0002:0000012c       __imp_?Escape@EscapableHandleScope@v8@@AAEPAPAVObject@internal@2@PAPAV342@@Z 1000d12c     iojs:node.dll
 0002:00000130       __imp_?IsNumber@Value@v8@@QBE_NXZ 1000d130     iojs:node.dll
 0002:00000134       __imp_?NumberValue@Value@v8@@QBENXZ 1000d134     iojs:node.dll
 0002:00000138       __imp_?ToLocalEmpty@V8@v8@@CAXXZ 1000d138     iojs:node.dll
 0002:0000013c       __imp_?New@FunctionTemplate@v8@@SA?AV?$Local@VFunctionTemplate@v8@@@2@PAVIsolate@2@P6AXABV?$FunctionCallbackInfo@VValue@v8@@@2@@ZV?$Local@VValue@v8@@@2@V?$Local@VSignature@v8@@@2@HW4ConstructorBehavior@2@@Z 1000d13c     iojs:node.dll
 0002:00000140       __imp_?GetFunction@FunctionTemplate@v8@@QAE?AV?$Local@VFunction@v8@@@2@XZ 1000d140     iojs:node.dll
 0002:00000144       __imp_?TypeError@Exception@v8@@SA?AV?$Local@VValue@v8@@@2@V?$Local@VString@v8@@@2@@Z 1000d144     iojs:node.dll
 0002:00000148       __imp_??0HandleScope@v8@@QAE@PAVIsolate@1@@Z 1000d148     iojs:node.dll
 0002:0000014c       __imp_??1HandleScope@v8@@QAE@XZ 1000d14c     iojs:node.dll
 0002:00000150       __imp_?CreateHandle@HandleScope@v8@@CAPAPAVObject@internal@2@PAVHeapObject@42@PAV342@@Z 1000d150     iojs:node.dll
 0002:00000154       __imp_?CreateHandle@HandleScope@v8@@KAPAPAVObject@internal@2@PAVIsolate@42@PAV342@@Z 1000d154     iojs:node.dll
 0002:00000158       __imp_?GetCurrent@Isolate@v8@@SAPAV12@XZ 1000d158     iojs:node.dll
 0002:0000015c       __imp_?GetCurrentContext@Isolate@v8@@QAE?AV?$Local@VContext@v8@@@2@XZ 1000d15c     iojs:node.dll
 0002:00000160       __imp_?ThrowException@Isolate@v8@@QAE?AV?$Local@VValue@v8@@@2@V32@@Z 1000d160     iojs:node.dll
 0002:00000164       __imp_?New@External@v8@@SA?AV?$Local@VExternal@v8@@@2@PAVIsolate@2@PAX@Z 1000d164     iojs:node.dll
 0002:00000168       __imp_?Value@External@v8@@QBEPAXXZ 1000d168     iojs:node.dll
 0002:0000016c       \177node_NULL_THUNK_DATA   1000d16c     iojs:node.dll
 0002:00000170       ___guard_check_icall_fptr  1000d170     LIBCMT:guard_support.obj
 0002:00000174       ___xc_a                    1000d174     LIBCMT:initializers.obj
 0002:00000178       __register_pow_            1000d178     pow.obj
 0002:0000017c       ___xc_z                    1000d17c     LIBCMT:initializers.obj
 0002:00000180       ___xi_a                    1000d180     LIBCMT:initializers.obj
 0002:00000184       ___acrt_multibyte_initializer 1000d184     libucrt:multibyte_initializer.obj
 0002:00000188       ___acrt_stdio_initializer  1000d188     libucrt:stdio_initializer.obj
 0002:0000018c       ___acrt_tran_sse2_initializer 1000d18c     libucrt:sse2_initializer.obj
 0002:00000190       ___xi_z                    1000d190     LIBCMT:initializers.obj
 0002:00000194       ___xp_a                    1000d194     LIBCMT:initializers.obj
 0002:00000198       ___acrt_locale_terminator  1000d198     libucrt:locale_initializer.obj
 0002:0000019c       ___dcrt_console_output_terminator 1000d19c     libucrt:console_output_initializer.obj
 0002:000001a0       ___acrt_stdio_terminator   1000d1a0     libucrt:stdio_initializer.obj
 0002:000001a4       ___xp_z                    1000d1a4     LIBCMT:initializers.obj
 0002:000001a8       ___xt_a                    1000d1a8     LIBCMT:initializers.obj
 0002:000001ac       ___xt_z                    1000d1ac     LIBCMT:initializers.obj
 0002:000001b0       __pRawDllMain              1000d1b0     LIBCMT:dll_dllmain.obj
 0002:000001b0       __pDefaultRawDllMain       1000d1b0     LIBCMT:dll_dllmain.obj
 0002:000001cc       ??_C@_1BC@DNHGCMLG@?$AAa?$AAd?$AAv?$AAa?$AAp?$AAi?$AA3?$AA2?$AA?$AA@ 1000d1cc     libvcruntime:winapi_downlevel.obj
 0002:000001e0       ??_C@_1DM@KHCHBNEB@?$AAa?$AAp?$AAi?$AA?9?$AAm?$AAs?$AA?9?$AAw?$AAi?$AAn?$AA?9?$AAc?$AAo?$AAr?$AAe?$AA?9?$AAf?$AAi?$AAb?$AAe?$AAr?$AAs?$AA?9?$AAl?$AA1?$AA?9?$AA1?$AA?9?$AA1?$AA?$AA@ 1000d1e0     libvcruntime:winapi_downlevel.obj
 0002:0000021c       ??_C@_1DK@LPPGFMPP@?$AAa?$AAp?$AAi?$AA?9?$AAm?$AAs?$AA?9?$AAw?$AAi?$AAn?$AA?9?$AAc?$AAo?$AAr?$AAe?$AA?9?$AAs?$AAy?$AAn?$AAc?$AAh?$AA?9?$AAl?$AA1?$AA?9?$AA2?$AA?9?$AA0?$AA?$AA@ 1000d21c     libvcruntime:winapi_downlevel.obj
 0002:00000258       ??_C@_1BC@GDMECMAK@?$AAk?$AAe?$AAr?$AAn?$AAe?$AAl?$AA3?$AA2?$AA?$AA@ 1000d258     libvcruntime:winapi_downlevel.obj
 0002:00000274       ??_C@_08KNHFBNJ@FlsAlloc?$AA@ 1000d274     libvcruntime:winapi_downlevel.obj
 0002:00000288       ??_C@_07PEJMOBNF@FlsFree?$AA@ 1000d288     libvcruntime:winapi_downlevel.obj
 0002:00000298       ??_C@_0M@GDNOONDI@FlsGetValue?$AA@ 1000d298     libvcruntime:winapi_downlevel.obj
 0002:000002ac       ??_C@_0M@JCPCPOEF@FlsSetValue?$AA@ 1000d2ac     libvcruntime:winapi_downlevel.obj
 0002:000002c0       ??_C@_0BM@HCFOFFN@InitializeCriticalSectionEx?$AA@ 1000d2c0     libvcruntime:winapi_downlevel.obj
 0002:00000470       ??_C@_08EHJDFFNH@__based?$CI?$AA@ 1000d470     libvcruntime:undname.obj
 0002:0000047c       ??_C@_07KOLFKCDI@__cdecl?$AA@ 1000d47c     libvcruntime:undname.obj
 0002:00000484       ??_C@_08GHMPAG@__pascal?$AA@ 1000d484     libvcruntime:undname.obj
 0002:00000490       ??_C@_09IFJBGAPI@__stdcall?$AA@ 1000d490     libvcruntime:undname.obj
 0002:0000049c       ??_C@_0L@NPHFGOKO@__thiscall?$AA@ 1000d49c     libvcruntime:undname.obj
 0002:000004a8       ??_C@_0L@JMKHOMEK@__fastcall?$AA@ 1000d4a8     libvcruntime:undname.obj
 0002:000004b4       ??_C@_0N@BCKKPABJ@__vectorcall?$AA@ 1000d4b4     libvcruntime:undname.obj
 0002:000004c4       ??_C@_09HIJEGCPM@__clrcall?$AA@ 1000d4c4     libvcruntime:undname.obj
 0002:000004d0       ??_C@_06GHPCKEAG@__eabi?$AA@ 1000d4d0     libvcruntime:undname.obj
 0002:000004d8       ??_C@_07JOMMBBKO@__ptr64?$AA@ 1000d4d8     libvcruntime:undname.obj
 0002:000004e0       ??_C@_0L@PILCLIHE@__restrict?$AA@ 1000d4e0     libvcruntime:undname.obj
 0002:000004ec       ??_C@_0M@GFIIJFMG@__unaligned?$AA@ 1000d4ec     libvcruntime:undname.obj
 0002:000004f8       ??_C@_09DHDLOLLB@restrict?$CI?$AA@ 1000d4f8     libvcruntime:undname.obj
 0002:00000502       ??_C@_00CNPNBAHC@?$AA@     1000d502     libvcruntime:undname.obj
 0002:00000504       ??_C@_04NIHEBCM@?5new?$AA@ 1000d504     libvcruntime:undname.obj
 0002:0000050c       ??_C@_07FPCDHGMM@?5delete?$AA@ 1000d50c     libvcruntime:undname.obj
 0002:00000514       ??_C@_01NEMOKFLO@?$DN?$AA@ 1000d514     libvcruntime:undname.obj
 0002:00000518       ??_C@_02GPIOPFAK@?$DO?$DO?$AA@ 1000d518     libvcruntime:undname.obj
 0002:0000051c       ??_C@_02FODMEDOG@?$DM?$DM?$AA@ 1000d51c     libvcruntime:undname.obj
 0002:00000520       ??_C@_01DCLJPIOD@?$CB?$AA@ 1000d520     libvcruntime:undname.obj
 0002:00000524       ??_C@_02EGOFBIJA@?$DN?$DN?$AA@ 1000d524     libvcruntime:undname.obj
 0002:00000528       ??_C@_02FDNJECIE@?$CB?$DN?$AA@ 1000d528     libvcruntime:undname.obj
 0002:0000052c       ??_C@_02GPECMEKF@?$FL?$FN?$AA@ 1000d52c     libvcruntime:undname.obj
 0002:00000530       ??_C@_08LHJFAFGD@operator?$AA@ 1000d530     libvcruntime:undname.obj
 0002:0000053c       ??_C@_02HBOOOICD@?9?$DO?$AA@ 1000d53c     libvcruntime:undname.obj
 0002:00000540       ??_C@_01NBENCBCI@?$CK?$AA@ 1000d540     libvcruntime:undname.obj
 0002:00000544       ??_C@_02ECNGHCIF@?$CL?$CL?$AA@ 1000d544     libvcruntime:undname.obj
 0002:00000548       ??_C@_02BAABKJLB@?9?9?$AA@ 1000d548     libvcruntime:undname.obj
 0002:0000054c       ??_C@_01JOAMLHOP@?9?$AA@   1000d54c     libvcruntime:undname.obj
 0002:00000550       ??_C@_01MIFGBAGJ@?$CL?$AA@ 1000d550     libvcruntime:undname.obj
 0002:00000554       ??_C@_01HNPIGOCE@?$CG?$AA@ 1000d554     libvcruntime:undname.obj
 0002:00000558       ??_C@_03MNHNFDLC@?9?$DO?$CK?$AA@ 1000d558     libvcruntime:undname.obj
 0002:0000055c       ??_C@_01KMDKNFGN@?1?$AA@   1000d55c     libvcruntime:undname.obj
 0002:00000560       ??_C@_01FGNFDNOH@?$CF?$AA@ 1000d560     libvcruntime:undname.obj
 0002:00000564       ??_C@_01MNNFJEPP@?$DM?$AA@ 1000d564     libvcruntime:undname.obj
 0002:00000568       ??_C@_02EHCHHCKH@?$DM?$DN?$AA@ 1000d568     libvcruntime:undname.obj
 0002:0000056c       ??_C@_01PPODPGHN@?$DO?$AA@ 1000d56c     libvcruntime:undname.obj
 0002:00000570       ??_C@_02EEKDKGMJ@?$DO?$DN?$AA@ 1000d570     libvcruntime:undname.obj
 0002:00000574       ??_C@_01IHBHIGKO@?0?$AA@   1000d574     libvcruntime:undname.obj
 0002:00000578       ??_C@_02HCKGKOFO@?$CI?$CJ?$AA@ 1000d578     libvcruntime:undname.obj
 0002:0000057c       ??_C@_01PJKLJHI@?$HO?$AA@  1000d57c     libvcruntime:undname.obj
 0002:00000580       ??_C@_01JKBOJNNK@?$FO?$AA@ 1000d580     libvcruntime:undname.obj
 0002:00000584       ??_C@_01DNKMNLPK@?$HM?$AA@ 1000d584     libvcruntime:undname.obj
 0002:00000588       ??_C@_02PPKAJPJL@?$CG?$CG?$AA@ 1000d588     libvcruntime:undname.obj
 0002:0000058c       ??_C@_02NONPIBCD@?$HM?$HM?$AA@ 1000d58c     libvcruntime:undname.obj
 0002:00000590       ??_C@_02FPIMKNGF@?$CK?$DN?$AA@ 1000d590     libvcruntime:undname.obj
 0002:00000594       ??_C@_02FOEOMHFC@?$CL?$DN?$AA@ 1000d594     libvcruntime:undname.obj
 0002:00000598       ??_C@_02FKMDLLOA@?9?$DN?$AA@ 1000d598     libvcruntime:undname.obj
 0002:0000059c       ??_C@_02FJEHGPIO@?1?$DN?$AA@ 1000d59c     libvcruntime:undname.obj
 0002:000005a0       ??_C@_02FENAOKFI@?$CF?$DN?$AA@ 1000d5a0     libvcruntime:undname.obj
 0002:000005a4       ??_C@_03IKFCCPFF@?$DO?$DO?$DN?$AA@ 1000d5a4     libvcruntime:undname.obj
 0002:000005a8       ??_C@_03CDNPDDLA@?$DM?$DM?$DN?$AA@ 1000d5a8     libvcruntime:undname.obj
 0002:000005ac       ??_C@_02FGJGFEAB@?$CG?$DN?$AA@ 1000d5ac     libvcruntime:undname.obj
 0002:000005b0       ??_C@_02DHLNPPGH@?$HM?$DN?$AA@ 1000d5b0     libvcruntime:undname.obj
 0002:000005b4       ??_C@_02MHEGNOJ@?$FO?$DN?$AA@ 1000d5b4     libvcruntime:undname.obj
 0002:000005b8       ??_C@_09IFPLHPGF@?$GAvftable?8?$AA@ 1000d5b8     libvcruntime:undname.obj
 0002:000005c4       ??_C@_09BLBHBJP@?$GAvbtable?8?$AA@ 1000d5c4     libvcruntime:undname.obj
 0002:000005d0       ??_C@_07FEEIOKP@?$GAvcall?8?$AA@ 1000d5d0     libvcruntime:undname.obj
 0002:000005d8       ??_C@_08LLFFHHDJ@?$GAtypeof?8?$AA@ 1000d5d8     libvcruntime:undname.obj
 0002:000005e4       ??_C@_0BF@KDPPACIK@?$GAlocal?5static?5guard?8?$AA@ 1000d5e4     libvcruntime:undname.obj
 0002:000005fc       ??_C@_08OBABFOLI@?$GAstring?8?$AA@ 1000d5fc     libvcruntime:undname.obj
 0002:00000608       ??_C@_0BD@JDLKDPAB@?$GAvbase?5destructor?8?$AA@ 1000d608     libvcruntime:undname.obj
 0002:0000061c       ??_C@_0BN@DEGPLNFK@?$GAvector?5deleting?5destructor?8?$AA@ 1000d61c     libvcruntime:undname.obj
 0002:0000063c       ??_C@_0BO@OBMKPJIG@?$GAdefault?5constructor?5closure?8?$AA@ 1000d63c     libvcruntime:undname.obj
 0002:0000065c       ??_C@_0BN@IMDCHIKM@?$GAscalar?5deleting?5destructor?8?$AA@ 1000d65c     libvcruntime:undname.obj
 0002:0000067c       ??_C@_0BO@PFGOCPJJ@?$GAvector?5constructor?5iterator?8?$AA@ 1000d67c     libvcruntime:undname.obj
 0002:0000069c       ??_C@_0BN@LFPFMEDL@?$GAvector?5destructor?5iterator?8?$AA@ 1000d69c     libvcruntime:undname.obj
 0002:000006bc       ??_C@_0CE@IKBNEHA@?$GAvector?5vbase?5constructor?5iterat@ 1000d6bc     libvcruntime:undname.obj
 0002:000006e0       ??_C@_0BL@NILFHHPC@?$GAvirtual?5displacement?5map?8?$AA@ 1000d6e0     libvcruntime:undname.obj
 0002:000006fc       ??_C@_0CB@JONCMFFK@?$GAeh?5vector?5constructor?5iterator?8@ 1000d6fc     libvcruntime:undname.obj
 0002:00000720       ??_C@_0CA@GCEOPDGL@?$GAeh?5vector?5destructor?5iterator?8?$AA@ 1000d720     libvcruntime:undname.obj
 0002:00000740       ??_C@_0CH@OOJPLCPH@?$GAeh?5vector?5vbase?5constructor?5ite@ 1000d740     libvcruntime:undname.obj
 0002:00000768       ??_C@_0BL@LLKPOHJI@?$GAcopy?5constructor?5closure?8?$AA@ 1000d768     libvcruntime:undname.obj
 0002:00000784       ??_C@_0BA@KBCDOMBN@?$GAudt?5returning?8?$AA@ 1000d784     libvcruntime:undname.obj
 0002:00000794       ??_C@_03KLGMFNMG@?$GAEH?$AA@ 1000d794     libvcruntime:undname.obj
 0002:00000798       ??_C@_05KHLCHHI@?$GARTTI?$AA@ 1000d798     libvcruntime:undname.obj
 0002:000007a0       ??_C@_0BA@KKLDJDLB@?$GAlocal?5vftable?8?$AA@ 1000d7a0     libvcruntime:undname.obj
 0002:000007b0       ??_C@_0CE@IIHCMGGL@?$GAlocal?5vftable?5constructor?5closu@ 1000d7b0     libvcruntime:undname.obj
 0002:000007d4       ??_C@_06FHBGPFGH@?5new?$FL?$FN?$AA@ 1000d7d4     libvcruntime:undname.obj
 0002:000007dc       ??_C@_09LBNFPBCA@?5delete?$FL?$FN?$AA@ 1000d7dc     libvcruntime:undname.obj
 0002:000007e8       ??_C@_0P@HJKNJFNN@?$GAomni?5callsig?8?$AA@ 1000d7e8     libvcruntime:undname.obj
 0002:000007f8       ??_C@_0BL@CNOONJFP@?$GAplacement?5delete?5closure?8?$AA@ 1000d7f8     libvcruntime:undname.obj
 0002:00000814       ??_C@_0BN@CKNJLHMB@?$GAplacement?5delete?$FL?$FN?5closure?8?$AA@ 1000d814     libvcruntime:undname.obj
 0002:00000834       ??_C@_0CG@CFDHKGGD@?$GAmanaged?5vector?5constructor?5iter@ 1000d834     libvcruntime:undname.obj
 0002:0000085c       ??_C@_0CF@IMGKMJNO@?$GAmanaged?5vector?5destructor?5itera@ 1000d85c     libvcruntime:undname.obj
 0002:00000884       ??_C@_0CG@HLDDJMAG@?$GAeh?5vector?5copy?5constructor?5iter@ 1000d884     libvcruntime:undname.obj
 0002:000008ac       ??_C@_0CM@FCBBDIGB@?$GAeh?5vector?5vbase?5copy?5constructo@ 1000d8ac     libvcruntime:undname.obj
 0002:000008d8       ??_C@_0BL@CLIPGLGB@?$GAdynamic?5initializer?5for?5?8?$AA@ 1000d8d8     libvcruntime:undname.obj
 0002:000008f4       ??_C@_0CB@PDBIFEP@?$GAdynamic?5atexit?5destructor?5for?5?8@ 1000d8f4     libvcruntime:undname.obj
 0002:00000918       ??_C@_0CD@CGAJBKEJ@?$GAvector?5copy?5constructor?5iterato@ 1000d918     libvcruntime:undname.obj
 0002:0000093c       ??_C@_0CJ@GJELGAMM@?$GAvector?5vbase?5copy?5constructor?5i@ 1000d93c     libvcruntime:undname.obj
 0002:00000968       ??_C@_0CL@FGIJHLCE@?$GAmanaged?5vector?5copy?5constructor@ 1000d968     libvcruntime:undname.obj
 0002:00000994       ??_C@_0BM@PMGGMLDN@?$GAlocal?5static?5thread?5guard?8?$AA@ 1000d994     libvcruntime:undname.obj
 0002:000009b0       ??_C@_0N@BDNMDMOL@operator?5?$CC?$CC?5?$AA@ 1000d9b0     libvcruntime:undname.obj
 0002:000009c0       ??_C@_0BC@DAFEJGAK@?5Type?5Descriptor?8?$AA@ 1000d9c0     libvcruntime:undname.obj
 0002:000009d4       ??_C@_0BM@LDKODKLH@?5Base?5Class?5Descriptor?5at?5?$CI?$AA@ 1000d9d4     libvcruntime:undname.obj
 0002:000009f0       ??_C@_0BD@LGICGFMM@?5Base?5Class?5Array?8?$AA@ 1000d9f0     libvcruntime:undname.obj
 0002:00000a04       ??_C@_0BN@MECKDCOJ@?5Class?5Hierarchy?5Descriptor?8?$AA@ 1000da04     libvcruntime:undname.obj
 0002:00000a24       ??_C@_0BK@CFCOFLF@?5Complete?5Object?5Locator?8?$AA@ 1000da24     libvcruntime:undname.obj
 0002:00000a40       ___acrt_exception_action_table 1000da40     libucrt:exception_filter.obj
 0002:00000ad0       ___acrt_signal_action_table_count 1000dad0     libucrt:exception_filter.obj
 0002:00000ad4       ___acrt_signal_action_first_fpe_index 1000dad4     libucrt:exception_filter.obj
 0002:00000ad8       ___acrt_signal_action_fpe_count 1000dad8     libucrt:exception_filter.obj
 0002:00000adc       ??_C@_1BI@BGOHAHKC@?$AAm?$AAs?$AAc?$AAo?$AAr?$AAe?$AAe?$AA?4?$AAd?$AAl?$AAl?$AA?$AA@ 1000dadc     libucrt:exit.obj
 0002:00000af4       ??_C@_0P@MIGLKIOC@CorExitProcess?$AA@ 1000daf4     libucrt:exit.obj
 0002:00000ce8       ??_C@_03KOEHGMDN@Sun?$AA@  1000dce8     libucrt:nlsdata.obj
 0002:00000cec       ??_C@_03PDAGKDH@Mon?$AA@   1000dcec     libucrt:nlsdata.obj
 0002:00000cf0       ??_C@_03NAGEINEP@Tue?$AA@  1000dcf0     libucrt:nlsdata.obj
 0002:00000cf4       ??_C@_03MHOMLAJA@Wed?$AA@  1000dcf4     libucrt:nlsdata.obj
 0002:00000cf8       ??_C@_03IOFIKPDN@Thu?$AA@  1000dcf8     libucrt:nlsdata.obj
 0002:00000cfc       ??_C@_03IDIOELNC@Fri?$AA@  1000dcfc     libucrt:nlsdata.obj
 0002:00000d00       ??_C@_03FEFJNEK@Sat?$AA@   1000dd00     libucrt:nlsdata.obj
 0002:00000d04       ??_C@_06OOPIFAJ@Sunday?$AA@ 1000dd04     libucrt:nlsdata.obj
 0002:00000d0c       ??_C@_06JLEDEDGH@Monday?$AA@ 1000dd0c     libucrt:nlsdata.obj
 0002:00000d14       ??_C@_07BAAGCFCM@Tuesday?$AA@ 1000dd14     libucrt:nlsdata.obj
 0002:00000d1c       ??_C@_09DLIGFAKA@Wednesday?$AA@ 1000dd1c     libucrt:nlsdata.obj
 0002:00000d28       ??_C@_08HACCIKIA@Thursday?$AA@ 1000dd28     libucrt:nlsdata.obj
 0002:00000d34       ??_C@_06JECMNKMI@Friday?$AA@ 1000dd34     libucrt:nlsdata.obj
 0002:00000d3c       ??_C@_08INBOOONO@Saturday?$AA@ 1000dd3c     libucrt:nlsdata.obj
 0002:00000d48       ??_C@_03JIHJHPIE@Jan?$AA@  1000dd48     libucrt:nlsdata.obj
 0002:00000d4c       ??_C@_03HJBDCHOM@Feb?$AA@  1000dd4c     libucrt:nlsdata.obj
 0002:00000d50       ??_C@_03ODNJBKGA@Mar?$AA@  1000dd50     libucrt:nlsdata.obj
 0002:00000d54       ??_C@_03LEOLGMJP@Apr?$AA@  1000dd54     libucrt:nlsdata.obj
 0002:00000d58       ??_C@_03CNMDKL@May?$AA@    1000dd58     libucrt:nlsdata.obj
 0002:00000d5c       ??_C@_03IDFGHECI@Jun?$AA@  1000dd5c     libucrt:nlsdata.obj
 0002:00000d60       ??_C@_03LBGABGKK@Jul?$AA@  1000dd60     libucrt:nlsdata.obj
 0002:00000d64       ??_C@_03IFJFEIGA@Aug?$AA@  1000dd64     libucrt:nlsdata.obj
 0002:00000d68       ??_C@_03GGCAPAJC@Sep?$AA@  1000dd68     libucrt:nlsdata.obj
 0002:00000d6c       ??_C@_03BMAOKBAD@Oct?$AA@  1000dd6c     libucrt:nlsdata.obj
 0002:00000d70       ??_C@_03JPJOFNIA@Nov?$AA@  1000dd70     libucrt:nlsdata.obj
 0002:00000d74       ??_C@_03MKABNOCG@Dec?$AA@  1000dd74     libucrt:nlsdata.obj
 0002:00000d78       ??_C@_07CGJPFGJA@January?$AA@ 1000dd78     libucrt:nlsdata.obj
 0002:00000d80       ??_C@_08GNJGEPFN@February?$AA@ 1000dd80     libucrt:nlsdata.obj
 0002:00000d8c       ??_C@_05HPCKOFNC@March?$AA@ 1000dd8c     libucrt:nlsdata.obj
 0002:00000d94       ??_C@_05DMJDNLEJ@April?$AA@ 1000dd94     libucrt:nlsdata.obj
 0002:00000d9c       ??_C@_04CNLMGBGM@June?$AA@ 1000dd9c     libucrt:nlsdata.obj
 0002:00000da4       ??_C@_04MIEPOIFP@July?$AA@ 1000dda4     libucrt:nlsdata.obj
 0002:00000dac       ??_C@_06LBBHFDDG@August?$AA@ 1000ddac     libucrt:nlsdata.obj
 0002:00000db4       ??_C@_09BHHEALKD@September?$AA@ 1000ddb4     libucrt:nlsdata.obj
 0002:00000dc0       ??_C@_07JJNFCEND@October?$AA@ 1000ddc0     libucrt:nlsdata.obj
 0002:00000dc8       ??_C@_08HCHEGEOA@November?$AA@ 1000ddc8     libucrt:nlsdata.obj
 0002:00000dd4       ??_C@_08EDHMEBNP@December?$AA@ 1000ddd4     libucrt:nlsdata.obj
 0002:00000de0       ??_C@_02DEDBPAFC@AM?$AA@   1000dde0     libucrt:nlsdata.obj
 0002:00000de4       ??_C@_02CJNFDJBF@PM?$AA@   1000dde4     libucrt:nlsdata.obj
 0002:00000de8       ??_C@_08BPBNCDIB@MM?1dd?1yy?$AA@ 1000dde8     libucrt:nlsdata.obj
 0002:00000df4       ??_C@_0BE@CKGJFCPC@dddd?0?5MMMM?5dd?0?5yyyy?$AA@ 1000ddf4     libucrt:nlsdata.obj
 0002:00000e08       ??_C@_08JCCMCCIL@HH?3mm?3ss?$AA@ 1000de08     libucrt:nlsdata.obj
 0002:00000e14       ??_C@_17MBGCMIPB@?$AAS?$AAu?$AAn?$AA?$AA@ 1000de14     libucrt:nlsdata.obj
 0002:00000e1c       ??_C@_17KBOMKBF@?$AAM?$AAo?$AAn?$AA?$AA@ 1000de1c     libucrt:nlsdata.obj
 0002:00000e24       ??_C@_17BMKGEGOJ@?$AAT?$AAu?$AAe?$AA?$AA@ 1000de24     libucrt:nlsdata.obj
 0002:00000e2c       ??_C@_17CJEDCEPE@?$AAW?$AAe?$AAd?$AA?$AA@ 1000de2c     libucrt:nlsdata.obj
 0002:00000e34       ??_C@_17PDPHAADD@?$AAT?$AAh?$AAu?$AA?$AA@ 1000de34     libucrt:nlsdata.obj
 0002:00000e3c       ??_C@_17HFOLPPLP@?$AAF?$AAr?$AAi?$AA?$AA@ 1000de3c     libucrt:nlsdata.obj
 0002:00000e44       ??_C@_17GGIBDPIH@?$AAS?$AAa?$AAt?$AA?$AA@ 1000de44     libucrt:nlsdata.obj
 0002:00000e4c       ??_C@_1O@IHNHDHPB@?$AAS?$AAu?$AAn?$AAd?$AAa?$AAy?$AA?$AA@ 1000de4c     libucrt:nlsdata.obj
 0002:00000e5c       ??_C@_1O@MMNBFLIA@?$AAM?$AAo?$AAn?$AAd?$AAa?$AAy?$AA?$AA@ 1000de5c     libucrt:nlsdata.obj
 0002:00000e6c       ??_C@_1BA@ENFBFFEK@?$AAT?$AAu?$AAe?$AAs?$AAd?$AAa?$AAy?$AA?$AA@ 1000de6c     libucrt:nlsdata.obj
 0002:00000e7c       ??_C@_1BE@EBOGMDOH@?$AAW?$AAe?$AAd?$AAn?$AAe?$AAs?$AAd?$AAa?$AAy?$AA?$AA@ 1000de7c     libucrt:nlsdata.obj
 0002:00000e90       ??_C@_1BC@HHMNLIHE@?$AAT?$AAh?$AAu?$AAr?$AAs?$AAd?$AAa?$AAy?$AA?$AA@ 1000de90     libucrt:nlsdata.obj
 0002:00000ea4       ??_C@_1O@PDICJHAG@?$AAF?$AAr?$AAi?$AAd?$AAa?$AAy?$AA?$AA@ 1000dea4     libucrt:nlsdata.obj
 0002:00000eb4       ??_C@_1BC@ENMNNPAJ@?$AAS?$AAa?$AAt?$AAu?$AAr?$AAd?$AAa?$AAy?$AA?$AA@ 1000deb4     libucrt:nlsdata.obj
 0002:00000ec8       ??_C@_17DKNBKCHM@?$AAJ?$AAa?$AAn?$AA?$AA@ 1000dec8     libucrt:nlsdata.obj
 0002:00000ed0       ??_C@_17LMDJEKJN@?$AAF?$AAe?$AAb?$AA?$AA@ 1000ded0     libucrt:nlsdata.obj
 0002:00000ed8       ??_C@_17CKNLEDEC@?$AAM?$AAa?$AAr?$AA?$AA@ 1000ded8     libucrt:nlsdata.obj
 0002:00000ee0       ??_C@_17LFPOIHDD@?$AAA?$AAp?$AAr?$AA?$AA@ 1000dee0     libucrt:nlsdata.obj
 0002:00000ee8       ??_C@_17PNNKMEED@?$AAM?$AAa?$AAy?$AA?$AA@ 1000dee8     libucrt:nlsdata.obj
 0002:00000ef0       ??_C@_17KCJGOCPB@?$AAJ?$AAu?$AAn?$AA?$AA@ 1000def0     libucrt:nlsdata.obj
 0002:00000ef8       ??_C@_17IJPCKHK@?$AAJ?$AAu?$AAl?$AA?$AA@ 1000def8     libucrt:nlsdata.obj
 0002:00000f00       ??_C@_17ICPELBCN@?$AAA?$AAu?$AAg?$AA?$AA@ 1000df00     libucrt:nlsdata.obj
 0002:00000f08       ??_C@_17HCHCOKMG@?$AAS?$AAe?$AAp?$AA?$AA@ 1000df08     libucrt:nlsdata.obj
 0002:00000f10       ??_C@_17FNLKOI@?$AAO?$AAc?$AAt?$AA?$AA@ 1000df10     libucrt:nlsdata.obj
 0002:00000f18       ??_C@_17BBDMLCIG@?$AAN?$AAo?$AAv?$AA?$AA@ 1000df18     libucrt:nlsdata.obj
 0002:00000f20       ??_C@_17EGKACKIF@?$AAD?$AAe?$AAc?$AA?$AA@ 1000df20     libucrt:nlsdata.obj
 0002:00000f28       ??_C@_1BA@EFMEIEBA@?$AAJ?$AAa?$AAn?$AAu?$AAa?$AAr?$AAy?$AA?$AA@ 1000df28     libucrt:nlsdata.obj
 0002:00000f38       ??_C@_1BC@JGDDFFAM@?$AAF?$AAe?$AAb?$AAr?$AAu?$AAa?$AAr?$AAy?$AA?$AA@ 1000df38     libucrt:nlsdata.obj
 0002:00000f4c       ??_C@_1M@IKEENEDF@?$AAM?$AAa?$AAr?$AAc?$AAh?$AA?$AA@ 1000df4c     libucrt:nlsdata.obj
 0002:00000f58       ??_C@_1M@GJNLMHFD@?$AAA?$AAp?$AAr?$AAi?$AAl?$AA?$AA@ 1000df58     libucrt:nlsdata.obj
 0002:00000f64       ??_C@_19EPFLPGAP@?$AAJ?$AAu?$AAn?$AAe?$AA?$AA@ 1000df64     libucrt:nlsdata.obj
 0002:00000f70       ??_C@_19BIFMLPCD@?$AAJ?$AAu?$AAl?$AAy?$AA?$AA@ 1000df70     libucrt:nlsdata.obj
 0002:00000f7c       ??_C@_1O@PAHLKOAC@?$AAA?$AAu?$AAg?$AAu?$AAs?$AAt?$AA?$AA@ 1000df7c     libucrt:nlsdata.obj
 0002:00000f8c       ??_C@_1BE@DKAAMBJL@?$AAS?$AAe?$AAp?$AAt?$AAe?$AAm?$AAb?$AAe?$AAr?$AA?$AA@ 1000df8c     libucrt:nlsdata.obj
 0002:00000fa0       ??_C@_1BA@EPANDLNG@?$AAO?$AAc?$AAt?$AAo?$AAb?$AAe?$AAr?$AA?$AA@ 1000dfa0     libucrt:nlsdata.obj
 0002:00000fb0       ??_C@_1BC@BGLIFPF@?$AAN?$AAo?$AAv?$AAe?$AAm?$AAb?$AAe?$AAr?$AA?$AA@ 1000dfb0     libucrt:nlsdata.obj
 0002:00000fc4       ??_C@_1BC@FEMKIFH@?$AAD?$AAe?$AAc?$AAe?$AAm?$AAb?$AAe?$AAr?$AA?$AA@ 1000dfc4     libucrt:nlsdata.obj
 0002:00000fd8       ??_C@_15ODEHAHHF@?$AAA?$AAM?$AA?$AA@ 1000dfd8     libucrt:nlsdata.obj
 0002:00000fe0       ??_C@_15CLMNNGEL@?$AAP?$AAM?$AA?$AA@ 1000dfe0     libucrt:nlsdata.obj
 0002:00000fe8       ??_C@_1BC@IEBCMHCM@?$AAM?$AAM?$AA?1?$AAd?$AAd?$AA?1?$AAy?$AAy?$AA?$AA@ 1000dfe8     libucrt:nlsdata.obj
 0002:00000ffc       ??_C@_1CI@KNAKOEBC@?$AAd?$AAd?$AAd?$AAd?$AA?0?$AA?5?$AAM?$AAM?$AAM?$AAM?$AA?5?$AAd?$AAd?$AA?0?$AA?5?$AAy?$AAy?$AAy?$AAy?$AA?$AA@ 1000dffc     libucrt:nlsdata.obj
 0002:00001024       ??_C@_1BC@GDGBMEMK@?$AAH?$AAH?$AA?3?$AAm?$AAm?$AA?3?$AAs?$AAs?$AA?$AA@ 1000e024     libucrt:nlsdata.obj
 0002:00001038       ??_C@_1M@BMHNFIME@?$AAe?$AAn?$AA?9?$AAU?$AAS?$AA?$AA@ 1000e038     libucrt:nlsdata.obj
 0002:00001048       ___lc_time_c               1000e048     libucrt:nlsdata.obj
 0002:00001200       ??_C@_1EG@CNNIPFIM@?$AAa?$AAp?$AAi?$AA?9?$AAm?$AAs?$AA?9?$AAw?$AAi?$AAn?$AA?9?$AAa?$AAp?$AAp?$AAm?$AAo?$AAd?$AAe?$AAl?$AA?9?$AAr?$AAu?$AAn?$AAt?$AAi?$AAm?$AAe?$AA?9?$AAl?$AA1?$AA?9?$AA1@ 1000e200     libucrt:winapi_thunks.obj
 0002:00001248       ??_C@_1EA@JGEFHKEI@?$AAa?$AAp?$AAi?$AA?9?$AAm?$AAs?$AA?9?$AAw?$AAi?$AAn?$AA?9?$AAc?$AAo?$AAr?$AAe?$AA?9?$AAd?$AAa?$AAt?$AAe?$AAt?$AAi?$AAm?$AAe?$AA?9?$AAl?$AA1?$AA?9?$AA1?$AA?9?$AA1?$AA?$AA@ 1000e248     libucrt:winapi_thunks.obj
 0002:00001288       ??_C@_1DI@GCIAAENM@?$AAa?$AAp?$AAi?$AA?9?$AAm?$AAs?$AA?9?$AAw?$AAi?$AAn?$AA?9?$AAc?$AAo?$AAr?$AAe?$AA?9?$AAf?$AAi?$AAl?$AAe?$AA?9?$AAl?$AA2?$AA?9?$AA1?$AA?9?$AA1?$AA?$AA@ 1000e288     libucrt:winapi_thunks.obj
 0002:000012c0       ??_C@_1EI@MPIAOHOC@?$AAa?$AAp?$AAi?$AA?9?$AAm?$AAs?$AA?9?$AAw?$AAi?$AAn?$AA?9?$AAc?$AAo?$AAr?$AAe?$AA?9?$AAl?$AAo?$AAc?$AAa?$AAl?$AAi?$AAz?$AAa?$AAt?$AAi?$AAo?$AAn?$AA?9?$AAl?$AA1?$AA?9@ 1000e2c0     libucrt:winapi_thunks.obj
 0002:00001308       ??_C@_1FK@FPHCKFIE@?$AAa?$AAp?$AAi?$AA?9?$AAm?$AAs?$AA?9?$AAw?$AAi?$AAn?$AA?9?$AAc?$AAo?$AAr?$AAe?$AA?9?$AAl?$AAo?$AAc?$AAa?$AAl?$AAi?$AAz?$AAa?$AAt?$AAi?$AAo?$AAn?$AA?9?$AAo?$AAb?$AAs@ 1000e308     libucrt:winapi_thunks.obj
 0002:00001368       ??_C@_1EM@DILCGIIO@?$AAa?$AAp?$AAi?$AA?9?$AAm?$AAs?$AA?9?$AAw?$AAi?$AAn?$AA?9?$AAc?$AAo?$AAr?$AAe?$AA?9?$AAp?$AAr?$AAo?$AAc?$AAe?$AAs?$AAs?$AAt?$AAh?$AAr?$AAe?$AAa?$AAd?$AAs?$AA?9?$AAl@ 1000e368     libucrt:winapi_thunks.obj
 0002:000013b4       ??_C@_1DM@LNCGDDPN@?$AAa?$AAp?$AAi?$AA?9?$AAm?$AAs?$AA?9?$AAw?$AAi?$AAn?$AA?9?$AAc?$AAo?$AAr?$AAe?$AA?9?$AAs?$AAt?$AAr?$AAi?$AAn?$AAg?$AA?9?$AAl?$AA1?$AA?9?$AA1?$AA?9?$AA0?$AA?$AA@ 1000e3b4     libucrt:winapi_thunks.obj
 0002:000013f0       ??_C@_1DO@FPAPJEMD@?$AAa?$AAp?$AAi?$AA?9?$AAm?$AAs?$AA?9?$AAw?$AAi?$AAn?$AA?9?$AAc?$AAo?$AAr?$AAe?$AA?9?$AAs?$AAy?$AAs?$AAi?$AAn?$AAf?$AAo?$AA?9?$AAl?$AA1?$AA?9?$AA2?$AA?9?$AA1?$AA?$AA@ 1000e3f0     libucrt:winapi_thunks.obj
 0002:00001430       ??_C@_1DK@NDHNAHIO@?$AAa?$AAp?$AAi?$AA?9?$AAm?$AAs?$AA?9?$AAw?$AAi?$AAn?$AA?9?$AAc?$AAo?$AAr?$AAe?$AA?9?$AAw?$AAi?$AAn?$AAr?$AAt?$AA?9?$AAl?$AA1?$AA?9?$AA1?$AA?9?$AA0?$AA?$AA@ 1000e430     libucrt:winapi_thunks.obj
 0002:0000146c       ??_C@_1DM@KGHDGBCM@?$AAa?$AAp?$AAi?$AA?9?$AAm?$AAs?$AA?9?$AAw?$AAi?$AAn?$AA?9?$AAc?$AAo?$AAr?$AAe?$AA?9?$AAx?$AAs?$AAt?$AAa?$AAt?$AAe?$AA?9?$AAl?$AA2?$AA?9?$AA1?$AA?9?$AA0?$AA?$AA@ 1000e46c     libucrt:winapi_thunks.obj
 0002:000014a8       ??_C@_1EO@IJIOEFOH@?$AAa?$AAp?$AAi?$AA?9?$AAm?$AAs?$AA?9?$AAw?$AAi?$AAn?$AA?9?$AAr?$AAt?$AAc?$AAo?$AAr?$AAe?$AA?9?$AAn?$AAt?$AAu?$AAs?$AAe?$AAr?$AA?9?$AAw?$AAi?$AAn?$AAd?$AAo?$AAw?$AA?9@ 1000e4a8     libucrt:winapi_thunks.obj
 0002:000014f8       ??_C@_1FG@HHGEKANL@?$AAa?$AAp?$AAi?$AA?9?$AAm?$AAs?$AA?9?$AAw?$AAi?$AAn?$AA?9?$AAs?$AAe?$AAc?$AAu?$AAr?$AAi?$AAt?$AAy?$AA?9?$AAs?$AAy?$AAs?$AAt?$AAe?$AAm?$AAf?$AAu?$AAn?$AAc?$AAt?$AAi@ 1000e4f8     libucrt:winapi_thunks.obj
 0002:00001550       ??_C@_1FG@NCKKOLKO@?$AAe?$AAx?$AAt?$AA?9?$AAm?$AAs?$AA?9?$AAw?$AAi?$AAn?$AA?9?$AAk?$AAe?$AAr?$AAn?$AAe?$AAl?$AA3?$AA2?$AA?9?$AAp?$AAa?$AAc?$AAk?$AAa?$AAg?$AAe?$AA?9?$AAc?$AAu?$AAr?$AAr@ 1000e550     libucrt:winapi_thunks.obj
 0002:000015a8       ??_C@_1EG@DBIOJECG@?$AAe?$AAx?$AAt?$AA?9?$AAm?$AAs?$AA?9?$AAw?$AAi?$AAn?$AA?9?$AAn?$AAt?$AAu?$AAs?$AAe?$AAr?$AA?9?$AAd?$AAi?$AAa?$AAl?$AAo?$AAg?$AAb?$AAo?$AAx?$AA?9?$AAl?$AA1?$AA?9?$AA1@ 1000e5a8     libucrt:winapi_thunks.obj
 0002:000015f0       ??_C@_1EO@FIHMJCLF@?$AAe?$AAx?$AAt?$AA?9?$AAm?$AAs?$AA?9?$AAw?$AAi?$AAn?$AA?9?$AAn?$AAt?$AAu?$AAs?$AAe?$AAr?$AA?9?$AAw?$AAi?$AAn?$AAd?$AAo?$AAw?$AAs?$AAt?$AAa?$AAt?$AAi?$AAo?$AAn?$AA?9@ 1000e5f0     libucrt:winapi_thunks.obj
 0002:00001640       ??_C@_1O@BCCLBEOE@?$AAu?$AAs?$AAe?$AAr?$AA3?$AA2?$AA?$AA@ 1000e640     libucrt:winapi_thunks.obj
 0002:00001678       ??_C@_0BE@JOGNEJCI@GetCurrentPackageId?$AA@ 1000e678     libucrt:winapi_thunks.obj
 0002:0000169c       ??_C@_0O@KKBNKAPF@LCMapStringEx?$AA@ 1000e69c     libucrt:winapi_thunks.obj
 0002:000016b4       ??_C@_0BB@HBDEELFH@LocaleNameToLCID?$AA@ 1000e6b4     libucrt:winapi_thunks.obj
 0002:000016d8       ??_C@_1M@HPNHIDJI@?$AAj?$AAa?$AA?9?$AAJ?$AAP?$AA?$AA@ 1000e6d8     libucrt:mbctype.obj
 0002:000016e4       ??_C@_1M@BIBDDEMK@?$AAz?$AAh?$AA?9?$AAC?$AAN?$AA?$AA@ 1000e6e4     libucrt:mbctype.obj
 0002:000016f0       ??_C@_1M@JLOOOEGK@?$AAk?$AAo?$AA?9?$AAK?$AAR?$AA?$AA@ 1000e6f0     libucrt:mbctype.obj
 0002:000016fc       ??_C@_1M@CLNBBOPM@?$AAz?$AAh?$AA?9?$AAT?$AAW?$AA?$AA@ 1000e6fc     libucrt:mbctype.obj
 0002:00001708       ___newctype                1000e708     libucrt:ctype.obj
 0002:00001a08       ___newclmap                1000ea08     libucrt:ctype.obj
 0002:00001b88       ___newcumap                1000eb88     libucrt:ctype.obj
 0002:00001d08       ??_C@_15PJPFLCCM@?$AAu?$AAk?$AA?$AA@ 1000ed08     libucrt:get_qualified_locale.obj
 0002:00002430       ??_C@_15EMKDOKLE@?$AAa?$AAr?$AA?$AA@ 1000f430     libucrt:lcidtoname_downlevel.obj
 0002:00002438       ??_C@_15KNPADPLH@?$AAb?$AAg?$AA?$AA@ 1000f438     libucrt:lcidtoname_downlevel.obj
 0002:00002440       ??_C@_15EDMHLDMO@?$AAc?$AAa?$AA?$AA@ 1000f440     libucrt:lcidtoname_downlevel.obj
 0002:00002448       ??_C@_1O@BPEAJADD@?$AAz?$AAh?$AA?9?$AAC?$AAH?$AAS?$AA?$AA@ 1000f448     libucrt:lcidtoname_downlevel.obj
 0002:00002458       ??_C@_15LJNHCMNK@?$AAc?$AAs?$AA?$AA@ 1000f458     libucrt:lcidtoname_downlevel.obj
 0002:00002460       ??_C@_15FOMCIDHG@?$AAd?$AAa?$AA?$AA@ 1000f460     libucrt:lcidtoname_downlevel.obj
 0002:00002468       ??_C@_15NBKABECB@?$AAd?$AAe?$AA?$AA@ 1000f468     libucrt:lcidtoname_downlevel.obj
 0002:00002470       ??_C@_15GHPEIIAO@?$AAe?$AAl?$AA?$AA@ 1000f470     libucrt:lcidtoname_downlevel.obj
 0002:00002478       ??_C@_15MNPNEAIF@?$AAe?$AAn?$AA?$AA@ 1000f478     libucrt:lcidtoname_downlevel.obj
 0002:00002480       ??_C@_15GPIOMPMH@?$AAe?$AAs?$AA?$AA@ 1000f480     libucrt:lcidtoname_downlevel.obj
 0002:00002488       ??_C@_15NGLOAKJC@?$AAf?$AAi?$AA?$AA@ 1000f488     libucrt:lcidtoname_downlevel.obj
 0002:00002490       ??_C@_15FBKGNKAM@?$AAf?$AAr?$AA?$AA@ 1000f490     libucrt:lcidtoname_downlevel.obj
 0002:00002498       ??_C@_15KGGCNEFK@?$AAh?$AAe?$AA?$AA@ 1000f498     libucrt:lcidtoname_downlevel.obj
 0002:000024a0       ??_C@_15PGHLIDMF@?$AAh?$AAu?$AA?$AA@ 1000f4a0     libucrt:lcidtoname_downlevel.obj
 0002:000024a8       ??_C@_15BIEMAPLM@?$AAi?$AAs?$AA?$AA@ 1000f4a8     libucrt:lcidtoname_downlevel.obj
 0002:000024b0       ??_C@_15IFJLDHAF@?$AAi?$AAt?$AA?$AA@ 1000f4b0     libucrt:lcidtoname_downlevel.obj
 0002:000024b8       ??_C@_15GEMIOCAG@?$AAj?$AAa?$AA?$AA@ 1000f4b8     libucrt:lcidtoname_downlevel.obj
 0002:000024c0       ??_C@_15EPELEGJA@?$AAk?$AAo?$AA?$AA@ 1000f4c0     libucrt:lcidtoname_downlevel.obj
 0002:000024c8       ??_C@_15NDDHIMN@?$AAn?$AAl?$AA?$AA@ 1000f4c8     libucrt:lcidtoname_downlevel.obj
 0002:000024d0       ??_C@_15BPIGNHCD@?$AAn?$AAo?$AA?$AA@ 1000f4d0     libucrt:lcidtoname_downlevel.obj
 0002:000024d8       ??_C@_15DEOPBLCG@?$AAp?$AAl?$AA?$AA@ 1000f4d8     libucrt:lcidtoname_downlevel.obj
 0002:000024e0       ??_C@_15KBECGEFG@?$AAp?$AAt?$AA?$AA@ 1000f4e0     libucrt:lcidtoname_downlevel.obj
 0002:000024e8       ??_C@_15GLJCBFMD@?$AAr?$AAo?$AA?$AA@ 1000f4e8     libucrt:lcidtoname_downlevel.obj
 0002:000024f0       ??_C@_15FEDGKCDI@?$AAr?$AAu?$AA?$AA@ 1000f4f0     libucrt:lcidtoname_downlevel.obj
 0002:000024f8       ??_C@_15GLKMLLHM@?$AAh?$AAr?$AA?$AA@ 1000f4f8     libucrt:lcidtoname_downlevel.obj
 0002:00002500       ??_C@_15CPKMFBDB@?$AAs?$AAk?$AA?$AA@ 1000f500     libucrt:lcidtoname_downlevel.obj
 0002:00002508       ??_C@_15BAAIOGMK@?$AAs?$AAq?$AA?$AA@ 1000f508     libucrt:lcidtoname_downlevel.obj
 0002:00002510       ??_C@_15INNPNOHD@?$AAs?$AAv?$AA?$AA@ 1000f510     libucrt:lcidtoname_downlevel.obj
 0002:00002518       ??_C@_15CABMMOGH@?$AAt?$AAh?$AA?$AA@ 1000f518     libucrt:lcidtoname_downlevel.obj
 0002:00002520       ??_C@_15BPLIHJJM@?$AAt?$AAr?$AA?$AA@ 1000f520     libucrt:lcidtoname_downlevel.obj
 0002:00002528       ??_C@_15NEOEKKDJ@?$AAu?$AAr?$AA?$AA@ 1000f528     libucrt:lcidtoname_downlevel.obj
 0002:00002530       ??_C@_15NFICGAJK@?$AAi?$AAd?$AA?$AA@ 1000f530     libucrt:lcidtoname_downlevel.obj
 0002:00002538       ??_C@_15HPJPHDM@?$AAb?$AAe?$AA?$AA@ 1000f538     libucrt:lcidtoname_downlevel.obj
 0002:00002540       ??_C@_15LCHLGJII@?$AAs?$AAl?$AA?$AA@ 1000f540     libucrt:lcidtoname_downlevel.obj
 0002:00002548       ??_C@_15PCFJPHHO@?$AAe?$AAt?$AA?$AA@ 1000f548     libucrt:lcidtoname_downlevel.obj
 0002:00002550       ??_C@_15HPFPGODN@?$AAl?$AAv?$AA?$AA@ 1000f550     libucrt:lcidtoname_downlevel.obj
 0002:00002558       ??_C@_15NFFGKGLG@?$AAl?$AAt?$AA?$AA@ 1000f558     libucrt:lcidtoname_downlevel.obj
 0002:00002560       ??_C@_15BDAKCCHN@?$AAf?$AAa?$AA?$AA@ 1000f560     libucrt:lcidtoname_downlevel.obj
 0002:00002568       ??_C@_15NFGIAIAJ@?$AAv?$AAi?$AA?$AA@ 1000f568     libucrt:lcidtoname_downlevel.obj
 0002:00002570       ??_C@_15LMKNDMHN@?$AAh?$AAy?$AA?$AA@ 1000f570     libucrt:lcidtoname_downlevel.obj
 0002:00002578       ??_C@_15IJBHMCFL@?$AAa?$AAz?$AA?$AA@ 1000f578     libucrt:lcidtoname_downlevel.obj
 0002:00002580       ??_C@_15EKOFJABL@?$AAe?$AAu?$AA?$AA@ 1000f580     libucrt:lcidtoname_downlevel.obj
 0002:00002588       ??_C@_15BGHADCNK@?$AAm?$AAk?$AA?$AA@ 1000f588     libucrt:lcidtoname_downlevel.obj
 0002:00002590       ??_C@_15JDNICKHM@?$AAa?$AAf?$AA?$AA@ 1000f590     libucrt:lcidtoname_downlevel.obj
 0002:00002598       ??_C@_15KPJEDBKD@?$AAk?$AAa?$AA?$AA@ 1000f598     libucrt:lcidtoname_downlevel.obj
 0002:000025a0       ??_C@_15PDNFFFEO@?$AAf?$AAo?$AA?$AA@ 1000f5a0     libucrt:lcidtoname_downlevel.obj
 0002:000025a8       ??_C@_15OMLEGLOC@?$AAh?$AAi?$AA?$AA@ 1000f5a8     libucrt:lcidtoname_downlevel.obj
 0002:000025b0       ??_C@_15IDNNENKK@?$AAm?$AAs?$AA?$AA@ 1000f5b0     libucrt:lcidtoname_downlevel.obj
 0002:000025b8       ??_C@_15MACJNBMH@?$AAk?$AAk?$AA?$AA@ 1000f5b8     libucrt:lcidtoname_downlevel.obj
 0002:000025c0       ??_C@_15DKDJEOND@?$AAk?$AAy?$AA?$AA@ 1000f5c0     libucrt:lcidtoname_downlevel.obj
 0002:000025c8       ??_C@_15DFGDLJBG@?$AAs?$AAw?$AA?$AA@ 1000f5c8     libucrt:lcidtoname_downlevel.obj
 0002:000025d0       ??_C@_15BBFAICNG@?$AAu?$AAz?$AA?$AA@ 1000f5d0     libucrt:lcidtoname_downlevel.obj
 0002:000025d8       ??_C@_15DKNDCGEA@?$AAt?$AAt?$AA?$AA@ 1000f5d8     libucrt:lcidtoname_downlevel.obj
 0002:000025e0       ??_C@_15MGIFMDPL@?$AAp?$AAa?$AA?$AA@ 1000f5e0     libucrt:lcidtoname_downlevel.obj
 0002:000025e8       ??_C@_15HCNDBBA@?$AAg?$AAu?$AA?$AA@ 1000f5e8     libucrt:lcidtoname_downlevel.obj
 0002:000025f0       ??_C@_15FNBEIBON@?$AAt?$AAa?$AA?$AA@ 1000f5f0     libucrt:lcidtoname_downlevel.obj
 0002:000025f8       ??_C@_15NCHGBGLK@?$AAt?$AAe?$AA?$AA@ 1000f5f8     libucrt:lcidtoname_downlevel.obj
 0002:00002600       ??_C@_15PHPHCBPF@?$AAk?$AAn?$AA?$AA@ 1000f600     libucrt:lcidtoname_downlevel.obj
 0002:00002608       ??_C@_15DLGBCKMP@?$AAm?$AAr?$AA?$AA@ 1000f608     libucrt:lcidtoname_downlevel.obj
 0002:00002610       ??_C@_15EABBLBFF@?$AAs?$AAa?$AA?$AA@ 1000f610     libucrt:lcidtoname_downlevel.obj
[...]
 0002:0000026c       ?candidate_modules@?1??try_get_FlsAlloc@@YAP6GKP6GXPAX@Z@ZXZ@4QBW4module_id@?A0x89697e75@@B 1000d26c     libvcruntime:winapi_downlevel.obj
 0002:00000280       ?candidate_modules@?1??try_get_FlsFree@@YAP6GHK@ZXZ@4QBW4module_id@?A0x89697e75@@B 1000d280     libvcruntime:winapi_downlevel.obj
 0002:00000290       ?candidate_modules@?1??try_get_FlsGetValue@@YAP6GPAXK@ZXZ@4QBW4module_id@?A0x89697e75@@B 1000d290     libvcruntime:winapi_downlevel.obj
 0002:000002a4       ?candidate_modules@?1??try_get_FlsSetValue@@YAP6GHKPAX@ZXZ@4QBW4module_id@?A0x89697e75@@B 1000d2a4     libvcruntime:winapi_downlevel.obj
 0002:000002b8       ?candidate_modules@?1??try_get_InitializeCriticalSectionEx@@YAP6GHPAU_RTL_CRITICAL_SECTION@@KK@ZXZ@4QBW4module_id@?A0x89697e75@@B 1000d2b8     libvcruntime:winapi_downlevel.obj
 0002:000002e0       ?tokenTable@@3QBQBDB       1000d2e0     libvcruntime:undname.obj
 0002:00000318       ?nameTable@@3QBQBDB        1000d318     libvcruntime:undname.obj
 0002:0000045c       ?rttiTable@@3QBQBDB        1000d45c     libvcruntime:undname.obj
 0002:00000b08       ___acrt_initializers       1000db08     libucrt:initialization.obj
 0002:00000b80       _errtable                  1000db80     libucrt:errno.obj
 0002:000011b0       _module_names              1000e1b0     libucrt:winapi_thunks.obj
 0002:00001650       ?candidate_modules@?1??try_get_FlsAlloc@@YAP6GKP6GXPAX@Z@ZXZ@4QBW4module_id@?A0x352e5c4b@@B 1000e650     libucrt:winapi_thunks.obj
 0002:00001658       ?candidate_modules@?1??try_get_FlsFree@@YAP6GHK@ZXZ@4QBW4module_id@?A0x352e5c4b@@B 1000e658     libucrt:winapi_thunks.obj
 0002:00001660       ?candidate_modules@?1??try_get_FlsGetValue@@YAP6GPAXK@ZXZ@4QBW4module_id@?A0x352e5c4b@@B 1000e660     libucrt:winapi_thunks.obj
 0002:00001668       ?candidate_modules@?1??try_get_FlsSetValue@@YAP6GHKPAX@ZXZ@4QBW4module_id@?A0x352e5c4b@@B 1000e668     libucrt:winapi_thunks.obj
 0002:00001670       ?candidate_modules@?1??try_get_GetCurrentPackageId@@YAP6GJPAIPAE@ZXZ@4QBW4module_id@?A0x352e5c4b@@B 1000e670     libucrt:winapi_thunks.obj
 0002:0000168c       ?candidate_modules@?1??try_get_InitializeCriticalSectionEx@@YAP6GHPAU_RTL_CRITICAL_SECTION@@KK@ZXZ@4QBW4module_id@?A0x352e5c4b@@B 1000e68c     libucrt:winapi_thunks.obj
 0002:00001694       ?candidate_modules@?1??try_get_LCMapStringEx@@YAP6GHPB_WK0HPA_WHPAU_nlsversioninfo@@PAXJ@ZXZ@4QBW4module_id@?A0x352e5c4b@@B 1000e694     libucrt:winapi_thunks.obj
 0002:000016ac       ?candidate_modules@?1??try_get_LocaleNameToLCID@@YAP6GKPB_WK@ZXZ@4QBW4module_id@?A0x352e5c4b@@B 1000e6ac     libucrt:winapi_thunks.obj
 0002:000016c8       __mb_locale_names          1000e6c8     libucrt:mbctype.obj
 0002:00001d10       _LcidToLocaleNameTable     1000ed10     libucrt:lcidtoname_downlevel.obj
 0002:00002e30       _LocaleNameToIndexTable    1000fe30     libucrt:lcidtoname_downlevel.obj
 0002:00003d80       LOG_name                   10010d80     libucrt:log10.obj
 0002:00003d90       _One                       10010d90     libucrt:ceil_pentium4.obj
 0002:00003da0       _Bns                       10010da0     libucrt:ceil_pentium4.obj
 0002:00003db0       _Zero                      10010db0     libucrt:ceil_pentium4.obj
 0002:00003dc0       _S                         10010dc0     libucrt:ceil_pentium4.obj
 0002:00003dd0       _NegZero                   10010dd0     libucrt:ceil_pentium4.obj
 0002:00003de0       emask                      10010de0     libucrt:log10_pentium4.obj
 0002:00003df0       CC                         10010df0     libucrt:log10_pentium4.obj
 0002:00003e00       Magic                      10010e00     libucrt:log10_pentium4.obj
 0002:00003e10       hi_mask                    10010e10     libucrt:log10_pentium4.obj
 0002:00003e20       LOG10_2                    10010e20     libucrt:log10_pentium4.obj
 0002:00003e30       place_L                    10010e30     libucrt:log10_pentium4.obj
 0002:00003e50       One                        10010e50     libucrt:log10_pentium4.obj
 0002:00003e60       Zero                       10010e60     libucrt:log10_pentium4.obj
 0002:00003e70       Two52                      10010e70     libucrt:log10_pentium4.obj
 0002:00003e80       Infs                       10010e80     libucrt:log10_pentium4.obj
 0002:00003e90       NaN                        10010e90     libucrt:log10_pentium4.obj
 0002:00003ea0       coeff                      10010ea0     libucrt:log10_pentium4.obj
 0002:00003efe       _log2max                   10010efe     libucrt:87tran.obj
 0002:00003f08       _smallarg                  10010f08     libucrt:87tran.obj
 0002:00003f12       _half                      10010f12     libucrt:87tran.obj
 0002:00003f5e       One                        10010f5e     libucrt:87disp.obj
 0002:00003f66       Three                      10010f66     libucrt:87disp.obj
 0002:00003f6e       XAMtoTagTab                10010f6e     libucrt:87disp.obj
 0002:00003f80       One                        10010f80     libucrt:common.obj
 0002:00003f94       DblMax                     10010f94     libucrt:common.obj
 0002:00003f9c       DblMin                     10010f9c     libucrt:common.obj
 0002:00003fa4       IeeeAdjO                   10010fa4     libucrt:common.obj
 0002:00003fac       IeeeAdjU                   10010fac     libucrt:common.obj
 0002:00003fb4       _infinity                  10010fb4     libucrt:common.obj
 0002:00003fbc       _zero                      10010fbc     libucrt:common.obj
 0002:00004008       _over                      10011008     libucrt:fpctrl.obj
 0002:00004014       _under                     10011014     libucrt:fpctrl.obj
 0002:000048d8       ?_names@?1??_get_fname@@9@9 100118d8     libucrt:fpexcept.obj
 0002:00004a40       Shifter                    10011a40     libucrt:pow_sse2_precise.obj
 0002:00004a50       SIGMASK                    10011a50     libucrt:pow_sse2_precise.obj
 0002:00004a60       ONEMASK                    10011a60     libucrt:pow_sse2_precise.obj
 0002:00004a70       ABSVALMASK                 10011a70     libucrt:pow_sse2_precise.obj
 0002:00004a80       cev                        10011a80     libucrt:pow_sse2_precise.obj
 0002:00004aa8       HALFSIG                    10011aa8     libucrt:pow_sse2_precise.obj
 0002:00004ab0       LHN                        10011ab0     libucrt:pow_sse2_precise.obj
 0002:00004ab8       sNaN                       10011ab8     libucrt:pow_sse2_precise.obj
 0002:00004ac0       INF                        10011ac0     libucrt:pow_sse2_precise.obj
 0002:00004ac8       NEG_INF                    10011ac8     libucrt:pow_sse2_precise.obj
 0002:00004ad0       NEG_ZERO                   10011ad0     libucrt:pow_sse2_precise.obj
 0002:00004ad8       NEG_BIG                    10011ad8     libucrt:pow_sse2_precise.obj
 0002:00004ae0       POS_BIG                    10011ae0     libucrt:pow_sse2_precise.obj
 0002:00004ae8       EMIN                       10011ae8     libucrt:pow_sse2_precise.obj
 0002:00004af0       QIND                       10011af0     libucrt:pow_sse2_precise.obj
 0002:00004b00       POW_name                   10011b00     libucrt:pow.obj
 0002:00008390       Shifter                    10015390     libucrt:pow_pentium4.obj
 0002:000083a0       SIGMASK                    100153a0     libucrt:pow_pentium4.obj
 0002:000083b0       ONEMASK                    100153b0     libucrt:pow_pentium4.obj
 0002:000083c0       ABSVALMASK                 100153c0     libucrt:pow_pentium4.obj
 0002:000083d0       cev                        100153d0     libucrt:pow_pentium4.obj
 0002:000083f8       HALFSIG                    100153f8     libucrt:pow_pentium4.obj
 0002:00008400       LHN                        10015400     libucrt:pow_pentium4.obj
 0002:00008408       sNaN                       10015408     libucrt:pow_pentium4.obj
 0002:00008410       INF                        10015410     libucrt:pow_pentium4.obj
 0002:00008418       NEG_INF                    10015418     libucrt:pow_pentium4.obj
 0002:00008420       NEG_ZERO                   10015420     libucrt:pow_pentium4.obj
 0002:00008428       NEG_BIG                    10015428     libucrt:pow_pentium4.obj
 0002:00008430       POS_BIG                    10015430     libucrt:pow_pentium4.obj
 0002:00008438       EMIN                       10015438     libucrt:pow_pentium4.obj
 0002:00008440       QIND                       10015440     libucrt:pow_pentium4.obj
 0002:00008838       __sehtable$?dllmain_crt_process_attach@@YAHQAUHINSTANCE__@@QAX@Z 10015838     LIBCMT:dll_dllmain.obj
 0002:00008858       __sehtable$?dllmain_crt_process_detach@@YAH_N@Z 10015858     LIBCMT:dll_dllmain.obj
 0002:00008878       __sehtable$?dllmain_dispatch@@YAHQAUHINSTANCE__@@KQAX@Z 10015878     LIBCMT:dll_dllmain.obj
 0002:00008898       __sehtable$___scrt_is_nonwritable_in_current_image 10015898     LIBCMT:utility.obj
 0002:000088b8       __sehtable$?common_exit@@YAXHW4_crt_exit_cleanup_mode@@W4_crt_exit_return_mode@@@Z 100158b8     libucrt:exit.obj
 0002:000088e0       __sehtable$??$?RV<lambda_800076c951b434888f4765a74a194fcc>@@AAV<lambda_4e60a939b0d047cfe11ddc22648dfba9>@@V<lambda_6dbb1268764f43b569ce7b67e331d33a>@@@?$__crt_seh_guarded_call@H@@QAEH$$QAV<lambda_800076c951b434888f4765a74a194fcc>@@AAV<lambda_4e60a939b0d047cfe11ddc22648dfba9>@@$$QAV<lambda_6dbb1268764f43b569ce7b67e331d33a>@@@Z 100158e0     libucrt:onexit.obj
 0002:00008900       __sehtable$??$?RV<lambda_995298e7d72eb4c2aab26c0585b3abe5>@@AAV<lambda_275893d493268fdec8709772e3fcec0e>@@V<lambda_293819299cbf9a7022e18b56a874bb5c>@@@?$__crt_seh_guarded_call@H@@QAEH$$QAV<lambda_995298e7d72eb4c2aab26c0585b3abe5>@@AAV<lambda_275893d493268fdec8709772e3fcec0e>@@$$QAV<lambda_293819299cbf9a7022e18b56a874bb5c>@@@Z 10015900     libucrt:onexit.obj
 0002:00008920       __sehtable$_terminate      10015920     libucrt:terminate.obj
 0002:00008940       __sehtable$??$?RV<lambda_9df27f884b057bc3edfc946cb5b7cf47>@@AAV<lambda_e69574bed617af4e071282c136b37893>@@V<lambda_cc0d902bcbbeb830f749456577db4721>@@@?$__crt_seh_guarded_call@X@@QAEX$$QAV<lambda_9df27f884b057bc3edfc946cb5b7cf47>@@AAV<lambda_e69574bed617af4e071282c136b37893>@@$$QAV<lambda_cc0d902bcbbeb830f749456577db4721>@@@Z 10015940     libucrt:per_thread_data.obj
 0002:00008960       __sehtable$??$?RV<lambda_3518db117f0e7cdb002338c5d3c47b6c>@@AAV<lambda_b2ea41f6bbb362cd97d94c6828d90b61>@@V<lambda_abdedf541bb04549bc734292b4a045d4>@@@?$__crt_seh_guarded_call@X@@QAEX$$QAV<lambda_3518db117f0e7cdb002338c5d3c47b6c>@@AAV<lambda_b2ea41f6bbb362cd97d94c6828d90b61>@@$$QAV<lambda_abdedf541bb04549bc734292b4a045d4>@@@Z 10015960     libucrt:per_thread_data.obj
 0002:00008980       __sehtable$??$?RV<lambda_51b6e8b1eb166f2a3faf91f424b38130>@@AAV<lambda_6250bd4b2a391816dd638c3bf72b0bcb>@@V<lambda_0b5a4a3e68152e1d9b943535f5f47bed>@@@?$__crt_seh_guarded_call@X@@QAEX$$QAV<lambda_51b6e8b1eb166f2a3faf91f424b38130>@@AAV<lambda_6250bd4b2a391816dd638c3bf72b0bcb>@@$$QAV<lambda_0b5a4a3e68152e1d9b943535f5f47bed>@@@Z 10015980     libucrt:per_thread_data.obj
 0002:000089a0       __sehtable$??$?RV<lambda_5b71d36f03204c0beab531769a5b5694>@@AAV<lambda_be2b3da3f62db62e9dad5dc70221a656>@@V<lambda_8f9ce462984622f9bf76b59e2aaaf805>@@@?$__crt_seh_guarded_call@X@@QAEX$$QAV<lambda_5b71d36f03204c0beab531769a5b5694>@@AAV<lambda_be2b3da3f62db62e9dad5dc70221a656>@@$$QAV<lambda_8f9ce462984622f9bf76b59e2aaaf805>@@@Z 100159a0     libucrt:per_thread_data.obj
 0002:000089c0       __sehtable$___acrt_uninitialize_locale 100159c0     libucrt:wsetlocale.obj
 0002:000089e0       __sehtable$___acrt_update_thread_multibyte_data 100159e0     libucrt:mbctype.obj
 0002:00008a00       __sehtable$??$?RV<lambda_978dc153c237d78434369da87b74ff60>@@AAV<lambda_ad1ced32f4ac17aa236e5ef05d6b3b7c>@@V<lambda_4a8533e2866a575feecb8298ce776b0d>@@@?$__crt_seh_guarded_call@X@@QAEX$$QAV<lambda_978dc153c237d78434369da87b74ff60>@@AAV<lambda_ad1ced32f4ac17aa236e5ef05d6b3b7c>@@$$QAV<lambda_4a8533e2866a575feecb8298ce776b0d>@@@Z 10015a00     libucrt:mbctype.obj
 0002:00008a20       __sehtable$___acrt_initialize_lowio 10015a20     libucrt:ioinit.obj
 0002:00008a40       __sehtable$__query_new_handler 10015a40     libucrt:new_handler.obj
 0002:00008a60       __sehtable$_raise          10015a60     libucrt:signal.obj
 0002:00008a80       __sehtable$??$?RV<lambda_a048d3beccc847880fc8490e18b82769>@@AAV<lambda_ec61778202f4f5fc7e7711acc23c3bca>@@V<lambda_f7496a158712204296dd6628a163878e>@@@?$__crt_seh_guarded_call@P6AXH@Z@@QAEP6AXH@Z$$QAV<lambda_a048d3beccc847880fc8490e18b82769>@@AAV<lambda_ec61778202f4f5fc7e7711acc23c3bca>@@$$QAV<lambda_f7496a158712204296dd6628a163878e>@@@Z 10015a80     libucrt:signal.obj
 0002:00008aa0       __sehtable$___acrt_update_thread_locale_data 10015aa0     libucrt:locale_refcounting.obj
 0002:00008ac0       __sehtable$___acrt_lowio_ensure_fh_exists 10015ac0     libucrt:osfinfo.obj
 0002:00008ae0       __sehtable$_common_flush_all 10015ae0     libucrt:fflush.obj
 0002:00008b08       __sehtable$__fcloseall     10015b08     libucrt:closeall.obj
 0002:00008b28       __sehtable$??$?RV<lambda_61cee617f5178ae960314fd4d05640a0>@@AAV<lambda_6978c1fb23f02e42e1d9e99668cc68aa>@@V<lambda_9cd88cf8ad10232537feb2133f08c833>@@@?$__crt_seh_guarded_call@H@@QAEH$$QAV<lambda_61cee617f5178ae960314fd4d05640a0>@@AAV<lambda_6978c1fb23f02e42e1d9e99668cc68aa>@@$$QAV<lambda_9cd88cf8ad10232537feb2133f08c833>@@@Z 10015b28     libucrt:commit.obj
 0002:00008b48       __sehtable$__write         10015b48     libucrt:write.obj
 0002:00008b68       __sehtable$_fclose         10015b68     libucrt:fclose.obj
 0002:00008b88       __sehtable$??$?RV<lambda_123407a5e2ac06da108355a851863b7a>@@AAV<lambda_2fe9b910cf3cbf4a0ab98a02ba45b3ec>@@V<lambda_ae55bdf541ad94d75914d381c370e64d>@@@?$__crt_seh_guarded_call@H@@QAEH$$QAV<lambda_123407a5e2ac06da108355a851863b7a>@@AAV<lambda_2fe9b910cf3cbf4a0ab98a02ba45b3ec>@@$$QAV<lambda_ae55bdf541ad94d75914d381c370e64d>@@@Z 10015b88     libucrt:close.obj
 0002:00008ba8       __sehtable$__IsNonwritableInCurrentImage 10015ba8     LIBCMT:pesect.obj
 0002:00008bd0       .edata                     10015bd0     pow.exp
 0002:00008bf8       rgpv                       10015bf8     pow.exp
 0002:00008bfc       rgszName                   10015bfc     pow.exp
 0002:00008c00       rgwOrd                     10015c00     pow.exp
 0002:00008c02       szName                     10015c02     pow.exp
 0002:00008c0b       $N00001                    10015c0b     pow.exp
 0002:00008dc8       .idata$6                   10015dc8     kernel32:KERNEL32.dll
 0002:00009480       .idata$6                   10016480     iojs:node.dll
 0003:00000020       ?__vcrt_flsindex@@3KA      10017020     libvcruntime:per_thread_data.obj
 0003:00000044       _errno_no_memory           10017044     libucrt:errno.obj
 0003:00000048       _doserrno_no_memory        10017048     libucrt:errno.obj
 0003:0000004c       ___acrt_flsindex           1001704c     libucrt:per_thread_data.obj
 0003:00000114       ___rgctypeflag             10017114     libucrt:mbctype.obj
 0003:00000118       ___rgcode_page_info        10017118     libucrt:mbctype.obj
 0003:00000760       __module                   10017760     pow.obj
 0003:00000790       ?__proc_attached@@3HA      10017790     LIBCMT:dll_dllmain.obj
 0003:00000798       _GS_ExceptionRecord        10017798     LIBCMT:gs_report.obj
 0003:000007e8       _GS_ContextRecord          100177e8     LIBCMT:gs_report.obj
 0003:00000abc       ?module_local_atexit_table@@3U_onexit_table_t@@A 10017abc     LIBCMT:utility.obj
 0003:00000ac8       ?module_local_at_quick_exit_table@@3U_onexit_table_t@@A 10017ac8     LIBCMT:utility.obj
 0003:00000ad4       ?is_initialized_as_dll@@3_NA 10017ad4     LIBCMT:utility.obj
 0003:00000afc       ?__vcrt_startup_thread_ptd@@3U__vcrt_ptd@@A 10017afc     libvcruntime:per_thread_data.obj
 0003:00000b24       ___vcrt_lock_table         10017b24     libvcruntime:locks.obj
 0003:00000b3c       ___vcrt_locks_initialized  10017b3c     libvcruntime:locks.obj
 0003:00000b40       ?module_handles@@3PAPAUHINSTANCE__@@A 10017b40     libvcruntime:winapi_downlevel.obj
 0003:00000b50       ?encoded_function_pointers@@3PAPAXA 10017b50     libvcruntime:winapi_downlevel.obj
 0003:00000ba0       ?heap@@3V_HeapManager@@A   10017ba0     libvcruntime:undname.obj
 0003:00000bb4       _c_termination_complete    10017bb4     libucrt:exit.obj
 0003:00000bb8       _thread_local_exit_callback_func 10017bb8     libucrt:exit.obj
 0003:00000bbc       ?c_exit_complete@?5??common_exit@@YAXHW4_crt_exit_cleanup_mode@@W4_crt_exit_return_mode@@@Z@4_NA 10017bbc     libucrt:exit.obj
 0003:00000bc0       ?program_name@?5???$common_configure_argv@D@@YAHW4_crt_argv_mode@@@Z@4PADA 10017bc0     libucrt:argv_parsing.obj
 0003:00000cf0       ___acrt_invalid_parameter_handler 10017cf0     libucrt:invalid_parameter.obj
 0003:00000d00       ___acrt_lock_table         10017d00     libucrt:locks.obj
 0003:00000e38       ___acrt_locks_initialized  10017e38     libucrt:locks.obj
 0003:00000e40       _module_handles            10017e40     libucrt:winapi_thunks.obj
 0003:00000e90       _encoded_function_pointers 10017e90     libucrt:winapi_thunks.obj
 0003:00000f10       ?state_cache@?1??__acrt_is_packaged_app@@9@4JA 10017f10     libucrt:winapi_thunks.obj
 0003:00000f2c       _fSystemSet                10017f2c     libucrt:mbctype.obj
 0003:00000f30       ?initialized@?1??__acrt_initialize_multibyte@@9@4_NA 10017f30     libucrt:mbctype.obj
 0003:00001154       ___acrt_new_handler        10018154     libucrt:new_handler.obj
 0003:00001158       _ctrlc_action              10018158     libucrt:signal.obj
 0003:0000115c       _ctrlbreak_action          1001815c     libucrt:signal.obj
 0003:00001160       _abort_action              10018160     libucrt:signal.obj
 0003:00001164       _term_action               10018164     libucrt:signal.obj
 0003:00001168       _user_matherr              10018168     libucrt:matherr.obj
 0003:00001174       ___acrt_global_new_mode    10018174     libucrt:new_mode.obj
 0003:00001188       ___acrt_app_type           10018188     libucrt:report_runtime_error.obj
 0003:00001190       __pmatherr_set             10018190     libucrt:libm_error.obj
 0004:00000000       __guard_fids____dcrt_uninitialize_environments_nolock 10019000     libucrt:environment_initialization.obj
 0004:00000008       __guard_fids__             10019008     libucrt:initialization.obj
 0004:00000068       __guard_fids____acrt_initialize_ptd 10019068     libucrt:per_thread_data.obj
 0004:0000006c       __guard_fids_??$expand_argument_wildcards@D@@YAHQAD0AAV?$argument_list@D@?A0xb0e4b824@@@Z 1001906c     libucrt:argv_wildcards.obj
 0004:00000070       __guard_fids__             10019070     libucrt:locale_initializer.obj
 0004:00000074       __guard_fids__             10019074     libucrt:multibyte_initializer.obj
 0004:00000078       __guard_fids__             10019078     libucrt:stdio_initializer.obj
 0004:0000007c       __guard_fids__             1001907c     libucrt:stdio_initializer.obj
 0004:00000080       __guard_fids____libm_error_support 10019080     libucrt:libm_error.obj
 0004:00000084       __guard_fids__             10019084     libucrt:sse2_initializer.obj
 0004:00000088       __guard_fids__             10019088     libucrt:console_output_initializer.obj
 0004:0000008c       __guard_fids_?dllmain_crt_process_attach@@YAHQAUHINSTANCE__@@QAX@Z 1001908c     LIBCMT:dll_dllmain.obj
 0004:00000094       __guard_fids_?dllmain_dispatch@@YAHQAUHINSTANCE__@@KQAX@Z 10019094     LIBCMT:dll_dllmain.obj
 0004:00000098       __guard_fids__             10019098     LIBCMT:guard_support.obj
 0004:0000009c       __guard_fids____vcrt_initialize_ptd 1001909c     libvcruntime:per_thread_data.obj
 0005:00000060       $R000000                   1001a060     * linker generated manifest res *

 Exports

  ordinal    name

        1    __register_pow_
               exported name: _register_pow_
